Archive member included to satisfy reference by file (symbol)

e:/st/stm32cubeide_1.1.0/stm32cubeide/plugins/com.st.stm32cube.ide.mcu.externaltools.gnu-tools-for-stm32.7-2018-q2-update.win32_1.0.0.201904181610/tools/bin/../lib/gcc/arm-none-eabi/7.3.1/../../../../arm-none-eabi/lib/thumb/v6-m\libc_nano.a(lib_a-errno.o)
                              Core/Src/syscalls.o (__errno)
e:/st/stm32cubeide_1.1.0/stm32cubeide/plugins/com.st.stm32cube.ide.mcu.externaltools.gnu-tools-for-stm32.7-2018-q2-update.win32_1.0.0.201904181610/tools/bin/../lib/gcc/arm-none-eabi/7.3.1/../../../../arm-none-eabi/lib/thumb/v6-m\libc_nano.a(lib_a-exit.o)
                              e:/st/stm32cubeide_1.1.0/stm32cubeide/plugins/com.st.stm32cube.ide.mcu.externaltools.gnu-tools-for-stm32.7-2018-q2-update.win32_1.0.0.201904181610/tools/bin/../lib/gcc/arm-none-eabi/7.3.1/../../../../arm-none-eabi/lib/thumb/v6-m/crt0.o (exit)
e:/st/stm32cubeide_1.1.0/stm32cubeide/plugins/com.st.stm32cube.ide.mcu.externaltools.gnu-tools-for-stm32.7-2018-q2-update.win32_1.0.0.201904181610/tools/bin/../lib/gcc/arm-none-eabi/7.3.1/../../../../arm-none-eabi/lib/thumb/v6-m\libc_nano.a(lib_a-impure.o)
                              e:/st/stm32cubeide_1.1.0/stm32cubeide/plugins/com.st.stm32cube.ide.mcu.externaltools.gnu-tools-for-stm32.7-2018-q2-update.win32_1.0.0.201904181610/tools/bin/../lib/gcc/arm-none-eabi/7.3.1/../../../../arm-none-eabi/lib/thumb/v6-m\libc_nano.a(lib_a-exit.o) (_global_impure_ptr)
e:/st/stm32cubeide_1.1.0/stm32cubeide/plugins/com.st.stm32cube.ide.mcu.externaltools.gnu-tools-for-stm32.7-2018-q2-update.win32_1.0.0.201904181610/tools/bin/../lib/gcc/arm-none-eabi/7.3.1/../../../../arm-none-eabi/lib/thumb/v6-m\libc_nano.a(lib_a-init.o)
                              e:/st/stm32cubeide_1.1.0/stm32cubeide/plugins/com.st.stm32cube.ide.mcu.externaltools.gnu-tools-for-stm32.7-2018-q2-update.win32_1.0.0.201904181610/tools/bin/../lib/gcc/arm-none-eabi/7.3.1/../../../../arm-none-eabi/lib/thumb/v6-m/crt0.o (__libc_init_array)
e:/st/stm32cubeide_1.1.0/stm32cubeide/plugins/com.st.stm32cube.ide.mcu.externaltools.gnu-tools-for-stm32.7-2018-q2-update.win32_1.0.0.201904181610/tools/bin/../lib/gcc/arm-none-eabi/7.3.1/../../../../arm-none-eabi/lib/thumb/v6-m\libc_nano.a(lib_a-memcpy-stub.o)
                              Core/Src/LDL_source/ldl_aes.o (memcpy)
e:/st/stm32cubeide_1.1.0/stm32cubeide/plugins/com.st.stm32cube.ide.mcu.externaltools.gnu-tools-for-stm32.7-2018-q2-update.win32_1.0.0.201904181610/tools/bin/../lib/gcc/arm-none-eabi/7.3.1/../../../../arm-none-eabi/lib/thumb/v6-m\libc_nano.a(lib_a-memset.o)
                              e:/st/stm32cubeide_1.1.0/stm32cubeide/plugins/com.st.stm32cube.ide.mcu.externaltools.gnu-tools-for-stm32.7-2018-q2-update.win32_1.0.0.201904181610/tools/bin/../lib/gcc/arm-none-eabi/7.3.1/../../../../arm-none-eabi/lib/thumb/v6-m/crt0.o (memset)
e:/st/stm32cubeide_1.1.0/stm32cubeide/plugins/com.st.stm32cube.ide.mcu.externaltools.gnu-tools-for-stm32.7-2018-q2-update.win32_1.0.0.201904181610/tools/bin/../lib/gcc/arm-none-eabi/7.3.1/../../../../arm-none-eabi/lib/thumb/v6-m\libc_nano.a(lib_a-printf.o)
                              Core/Src/LDL_source/ldl_mac.o (printf)
e:/st/stm32cubeide_1.1.0/stm32cubeide/plugins/com.st.stm32cube.ide.mcu.externaltools.gnu-tools-for-stm32.7-2018-q2-update.win32_1.0.0.201904181610/tools/bin/../lib/gcc/arm-none-eabi/7.3.1/../../../../arm-none-eabi/lib/thumb/v6-m\libc_nano.a(lib_a-puts.o)
                              Core/Src/LDL_source/ldl_mac.o (puts)
e:/st/stm32cubeide_1.1.0/stm32cubeide/plugins/com.st.stm32cube.ide.mcu.externaltools.gnu-tools-for-stm32.7-2018-q2-update.win32_1.0.0.201904181610/tools/bin/../lib/gcc/arm-none-eabi/7.3.1/../../../../arm-none-eabi/lib/thumb/v6-m\libc_nano.a(lib_a-rand.o)
                              Core/Src/main.o (srand)
e:/st/stm32cubeide_1.1.0/stm32cubeide/plugins/com.st.stm32cube.ide.mcu.externaltools.gnu-tools-for-stm32.7-2018-q2-update.win32_1.0.0.201904181610/tools/bin/../lib/gcc/arm-none-eabi/7.3.1/../../../../arm-none-eabi/lib/thumb/v6-m\libc_nano.a(lib_a-wbuf.o)
                              e:/st/stm32cubeide_1.1.0/stm32cubeide/plugins/com.st.stm32cube.ide.mcu.externaltools.gnu-tools-for-stm32.7-2018-q2-update.win32_1.0.0.201904181610/tools/bin/../lib/gcc/arm-none-eabi/7.3.1/../../../../arm-none-eabi/lib/thumb/v6-m\libc_nano.a(lib_a-puts.o) (__swbuf_r)
e:/st/stm32cubeide_1.1.0/stm32cubeide/plugins/com.st.stm32cube.ide.mcu.externaltools.gnu-tools-for-stm32.7-2018-q2-update.win32_1.0.0.201904181610/tools/bin/../lib/gcc/arm-none-eabi/7.3.1/../../../../arm-none-eabi/lib/thumb/v6-m\libc_nano.a(lib_a-wsetup.o)
                              e:/st/stm32cubeide_1.1.0/stm32cubeide/plugins/com.st.stm32cube.ide.mcu.externaltools.gnu-tools-for-stm32.7-2018-q2-update.win32_1.0.0.201904181610/tools/bin/../lib/gcc/arm-none-eabi/7.3.1/../../../../arm-none-eabi/lib/thumb/v6-m\libc_nano.a(lib_a-puts.o) (__swsetup_r)
[...]
Memory Configuration

Name             Origin             Length             Attributes
RAM              0x0000000020000000 0x0000000000005000 xrw
FLASH            0x0000000008000000 0x0000000000030000 xr
*default*        0x0000000000000000 0xffffffffffffffff

Linker script and memory map

LOAD e:/st/stm32cubeide_1.1.0/stm32cubeide/plugins/com.st.stm32cube.ide.mcu.externaltools.gnu-tools-for-stm32.7-2018-q2-update.win32_1.0.0.201904181610/tools/bin/../lib/gcc/arm-none-eabi/7.3.1/thumb/v6-m/crti.o
LOAD e:/st/stm32cubeide_1.1.0/stm32cubeide/plugins/com.st.stm32cube.ide.mcu.externaltools.gnu-tools-for-stm32.7-2018-q2-update.win32_1.0.0.201904181610/tools/bin/../lib/gcc/arm-none-eabi/7.3.1/thumb/v6-m/crtbegin.o
LOAD e:/st/stm32cubeide_1.1.0/stm32cubeide/plugins/com.st.stm32cube.ide.mcu.externaltools.gnu-tools-for-stm32.7-2018-q2-update.win32_1.0.0.201904181610/tools/bin/../lib/gcc/arm-none-eabi/7.3.1/../../../../arm-none-eabi/lib/thumb/v6-m/crt0.o
LOAD Core/Inc/Debug/debug.o
LOAD Core/Inc/Debug/stm32l0xx_hal_uart.o
LOAD Core/Inc/Debug/stm32l0xx_hal_uart_ex.o
LOAD Core/Inc/Debug/stm32l0xx_hal_usart.o
LOAD Core/Src/LDL_source/LDL_interface.o
LOAD Core/Src/LDL_source/ldl_aes.o
LOAD Core/Src/LDL_source/ldl_cmac.o
LOAD Core/Src/LDL_source/ldl_ctr.o
LOAD Core/Src/LDL_source/ldl_frame.o
LOAD Core/Src/LDL_source/ldl_mac.o
LOAD Core/Src/LDL_source/ldl_mac_commands.o
LOAD Core/Src/LDL_source/ldl_ops.o
LOAD Core/Src/LDL_source/ldl_radio.o
LOAD Core/Src/LDL_source/ldl_region.o
LOAD Core/Src/LDL_source/ldl_sm.o
LOAD Core/Src/LDL_source/ldl_stream.o
LOAD Core/Src/LDL_source/ldl_system.o
LOAD Core/Src/main.o
LOAD Core/Src/stm32l0xx_hal_msp.o
LOAD Core/Src/stm32l0xx_it.o
LOAD Core/Src/syscalls.o
LOAD Core/Src/sysmem.o
LOAD Core/Src/system_stm32l0xx.o
LOAD Core/Startup/startup_stm32l073rztx.o
LOAD Drivers/STM32L0xx_HAL_Driver/Src/stm32l0xx_hal.o
LOAD Drivers/STM32L0xx_HAL_Driver/Src/stm32l0xx_hal_cortex.o
LOAD Drivers/STM32L0xx_HAL_Driver/Src/stm32l0xx_hal_dma.o
LOAD Drivers/STM32L0xx_HAL_Driver/Src/stm32l0xx_hal_flash.o
LOAD Drivers/STM32L0xx_HAL_Driver/Src/stm32l0xx_hal_flash_ex.o
LOAD Drivers/STM32L0xx_HAL_Driver/Src/stm32l0xx_hal_flash_ramfunc.o
LOAD Drivers/STM32L0xx_HAL_Driver/Src/stm32l0xx_hal_gpio.o
LOAD Drivers/STM32L0xx_HAL_Driver/Src/stm32l0xx_hal_i2c.o
LOAD Drivers/STM32L0xx_HAL_Driver/Src/stm32l0xx_hal_i2c_ex.o
LOAD Drivers/STM32L0xx_HAL_Driver/Src/stm32l0xx_hal_lptim.o
LOAD Drivers/STM32L0xx_HAL_Driver/Src/stm32l0xx_hal_pwr.o
LOAD Drivers/STM32L0xx_HAL_Driver/Src/stm32l0xx_hal_pwr_ex.o
LOAD Drivers/STM32L0xx_HAL_Driver/Src/stm32l0xx_hal_rcc.o
LOAD Drivers/STM32L0xx_HAL_Driver/Src/stm32l0xx_hal_rcc_ex.o
LOAD Drivers/STM32L0xx_HAL_Driver/Src/stm32l0xx_hal_spi.o
LOAD Drivers/STM32L0xx_HAL_Driver/Src/stm32l0xx_hal_tim.o
LOAD Drivers/STM32L0xx_HAL_Driver/Src/stm32l0xx_hal_tim_ex.o
START GROUP
LOAD e:/st/stm32cubeide_1.1.0/stm32cubeide/plugins/com.st.stm32cube.ide.mcu.externaltools.gnu-tools-for-stm32.7-2018-q2-update.win32_1.0.0.201904181610/tools/bin/../lib/gcc/arm-none-eabi/7.3.1/../../../../arm-none-eabi/lib/thumb/v6-m\libc_nano.a
LOAD e:/st/stm32cubeide_1.1.0/stm32cubeide/plugins/com.st.stm32cube.ide.mcu.externaltools.gnu-tools-for-stm32.7-2018-q2-update.win32_1.0.0.201904181610/tools/bin/../lib/gcc/arm-none-eabi/7.3.1/../../../../arm-none-eabi/lib/thumb/v6-m\libm.a
END GROUP
START GROUP
LOAD e:/st/stm32cubeide_1.1.0/stm32cubeide/plugins/com.st.stm32cube.ide.mcu.externaltools.gnu-tools-for-stm32.7-2018-q2-update.win32_1.0.0.201904181610/tools/bin/../lib/gcc/arm-none-eabi/7.3.1/thumb/v6-m\libgcc.a
LOAD e:/st/stm32cubeide_1.1.0/stm32cubeide/plugins/com.st.stm32cube.ide.mcu.externaltools.gnu-tools-for-stm32.7-2018-q2-update.win32_1.0.0.201904181610/tools/bin/../lib/gcc/arm-none-eabi/7.3.1/../../../../arm-none-eabi/lib/thumb/v6-m\libc_nano.a
END GROUP
START GROUP
LOAD e:/st/stm32cubeide_1.1.0/stm32cubeide/plugins/com.st.stm32cube.ide.mcu.externaltools.gnu-tools-for-stm32.7-2018-q2-update.win32_1.0.0.201904181610/tools/bin/../lib/gcc/arm-none-eabi/7.3.1/thumb/v6-m\libgcc.a
LOAD e:/st/stm32cubeide_1.1.0/stm32cubeide/plugins/com.st.stm32cube.ide.mcu.externaltools.gnu-tools-for-stm32.7-2018-q2-update.win32_1.0.0.201904181610/tools/bin/../lib/gcc/arm-none-eabi/7.3.1/../../../../arm-none-eabi/lib/thumb/v6-m\libc_nano.a
LOAD e:/st/stm32cubeide_1.1.0/stm32cubeide/plugins/com.st.stm32cube.ide.mcu.externaltools.gnu-tools-for-stm32.7-2018-q2-update.win32_1.0.0.201904181610/tools/bin/../lib/gcc/arm-none-eabi/7.3.1/../../../../arm-none-eabi/lib/thumb/v6-m\libnosys.a
END GROUP
START GROUP
LOAD e:/st/stm32cubeide_1.1.0/stm32cubeide/plugins/com.st.stm32cube.ide.mcu.externaltools.gnu-tools-for-stm32.7-2018-q2-update.win32_1.0.0.201904181610/tools/bin/../lib/gcc/arm-none-eabi/7.3.1/thumb/v6-m\libgcc.a
LOAD e:/st/stm32cubeide_1.1.0/stm32cubeide/plugins/com.st.stm32cube.ide.mcu.externaltools.gnu-tools-for-stm32.7-2018-q2-update.win32_1.0.0.201904181610/tools/bin/../lib/gcc/arm-none-eabi/7.3.1/../../../../arm-none-eabi/lib/thumb/v6-m\libc_nano.a
LOAD e:/st/stm32cubeide_1.1.0/stm32cubeide/plugins/com.st.stm32cube.ide.mcu.externaltools.gnu-tools-for-stm32.7-2018-q2-update.win32_1.0.0.201904181610/tools/bin/../lib/gcc/arm-none-eabi/7.3.1/../../../../arm-none-eabi/lib/thumb/v6-m\libnosys.a
END GROUP
LOAD e:/st/stm32cubeide_1.1.0/stm32cubeide/plugins/com.st.stm32cube.ide.mcu.externaltools.gnu-tools-for-stm32.7-2018-q2-update.win32_1.0.0.201904181610/tools/bin/../lib/gcc/arm-none-eabi/7.3.1/thumb/v6-m/crtend.o
LOAD e:/st/stm32cubeide_1.1.0/stm32cubeide/plugins/com.st.stm32cube.ide.mcu.externaltools.gnu-tools-for-stm32.7-2018-q2-update.win32_1.0.0.201904181610/tools/bin/../lib/gcc/arm-none-eabi/7.3.1/thumb/v6-m/crtn.o
                0x0000000020005000                _estack = (ORIGIN (RAM) + LENGTH (RAM))
                0x0000000000000200                _Min_Heap_Size = 0x200
                0x0000000000000400                _Min_Stack_Size = 0x400

.isr_vector     0x0000000008000000       0xc0
                0x0000000008000000                . = ALIGN (0x4)
 *(.isr_vector)
 .isr_vector    0x0000000008000000       0xc0 Core/Startup/startup_stm32l073rztx.o
                0x0000000008000000                g_pfnVectors
                0x00000000080000c0                . = ALIGN (0x4)

.text           0x00000000080000c0     0xd808
                0x00000000080000c0                . = ALIGN (0x4)
 *(.text)
 .text          0x00000000080000c0       0x48 e:/st/stm32cubeide_1.1.0/stm32cubeide/plugins/com.st.stm32cube.ide.mcu.externaltools.gnu-tools-for-stm32.7-2018-q2-update.win32_1.0.0.201904181610/tools/bin/../lib/gcc/arm-none-eabi/7.3.1/thumb/v6-m/crtbegin.o
 .text          0x0000000008000108      0x114 e:/st/stm32cubeide_1.1.0/stm32cubeide/plugins/com.st.stm32cube.ide.mcu.externaltools.gnu-tools-for-stm32.7-2018-q2-update.win32_1.0.0.201904181610/tools/bin/../lib/gcc/arm-none-eabi/7.3.1/thumb/v6-m\libgcc.a(_udivsi3.o)
                0x0000000008000108                __aeabi_uidiv
                0x0000000008000108                __udivsi3
                0x0000000008000214                __aeabi_uidivmod
 .text          0x000000000800021c      0x1d4 e:/st/stm32cubeide_1.1.0/stm32cubeide/plugins/com.st.stm32cube.ide.mcu.externaltools.gnu-tools-for-stm32.7-2018-q2-update.win32_1.0.0.201904181610/tools/bin/../lib/gcc/arm-none-eabi/7.3.1/thumb/v6-m\libgcc.a(_divsi3.o)
                0x000000000800021c                __divsi3
                0x000000000800021c                __aeabi_idiv
                0x00000000080003e8                __aeabi_idivmod
 .text          0x00000000080003f0        0x4 e:/st/stm32cubeide_1.1.0/stm32cubeide/plugins/com.st.stm32cube.ide.mcu.externaltools.gnu-tools-for-stm32.7-2018-q2-update.win32_1.0.0.201904181610/tools/bin/../lib/gcc/arm-none-eabi/7.3.1/thumb/v6-m\libgcc.a(_dvmd_tls.o)
                0x00000000080003f0                __aeabi_idiv0
                0x00000000080003f0                __aeabi_ldiv0
 .text          0x00000000080003f4       0x40 e:/st/stm32cubeide_1.1.0/stm32cubeide/plugins/com.st.stm32cube.ide.mcu.externaltools.gnu-tools-for-stm32.7-2018-q2-update.win32_1.0.0.201904181610/tools/bin/../lib/gcc/arm-none-eabi/7.3.1/thumb/v6-m\libgcc.a(_aeabi_uldivmod.o)
                0x00000000080003f4                __aeabi_uldivmod
 .text          0x0000000008000434       0x54 e:/st/stm32cubeide_1.1.0/stm32cubeide/plugins/com.st.stm32cube.ide.mcu.externaltools.gnu-tools-for-stm32.7-2018-q2-update.win32_1.0.0.201904181610/tools/bin/../lib/gcc/arm-none-eabi/7.3.1/thumb/v6-m\libgcc.a(_muldi3.o)
                0x0000000008000434                __muldi3
                0x0000000008000434                __aeabi_lmul
 .text          0x0000000008000488      0x184 e:/st/stm32cubeide_1.1.0/stm32cubeide/plugins/com.st.stm32cube.ide.mcu.externaltools.gnu-tools-for-stm32.7-2018-q2-update.win32_1.0.0.201904181610/tools/bin/../lib/gcc/arm-none-eabi/7.3.1/thumb/v6-m\libgcc.a(_udivmoddi4.o)
                0x0000000008000488                __udivmoddi4
 .text          0x000000000800060c       0x3c e:/st/stm32cubeide_1.1.0/stm32cubeide/plugins/com.st.stm32cube.ide.mcu.externaltools.gnu-tools-for-stm32.7-2018-q2-update.win32_1.0.0.201904181610/tools/bin/../lib/gcc/arm-none-eabi/7.3.1/thumb/v6-m\libgcc.a(_clzsi2.o)
                0x000000000800060c                __clzsi2
 .text          0x0000000008000648       0x18 e:/st/stm32cubeide_1.1.0/stm32cubeide/plugins/com.st.stm32cube.ide.mcu.externaltools.gnu-tools-for-stm32.7-2018-q2-update.win32_1.0.0.201904181610/tools/bin/../lib/gcc/arm-none-eabi/7.3.1/thumb/v6-m\libgcc.a(_clzdi2.o)
                0x0000000008000648                __clzdi2
 *(.text*)
 .text.__io_putchar
                0x0000000008000660       0x28 Core/Inc/Debug/debug.o
                0x0000000008000660                __io_putchar
 .text.initialize
                0x0000000008000688       0x58 Core/Inc/Debug/debug.o
                0x0000000008000688                initialize
 .text.HAL_UART_MspInit
                0x00000000080006e0       0x9c Core/Inc/Debug/debug.o
                0x00000000080006e0                HAL_UART_MspInit
 .text.HAL_UART_Init
                0x000000000800077c       0xa8 Core/Inc/Debug/stm32l0xx_hal_uart.o
                0x000000000800077c                HAL_UART_Init
 .text.HAL_UART_Transmit
                0x0000000008000824      0x14e Core/Inc/Debug/stm32l0xx_hal_uart.o
                0x0000000008000824                HAL_UART_Transmit
 *fill*         0x0000000008000972        0x2 
 .text.UART_SetConfig
                0x0000000008000974      0x668 Core/Inc/Debug/stm32l0xx_hal_uart.o
                0x0000000008000974                UART_SetConfig
 .text.UART_AdvFeatureConfig
                0x0000000008000fdc      0x168 Core/Inc/Debug/stm32l0xx_hal_uart.o
                0x0000000008000fdc                UART_AdvFeatureConfig
 .text.UART_CheckIdleState
                0x0000000008001144       0x8c Core/Inc/Debug/stm32l0xx_hal_uart.o
                0x0000000008001144                UART_CheckIdleState
 .text.UART_WaitOnFlagUntilTimeout
                0x00000000080011d0       0x94 Core/Inc/Debug/stm32l0xx_hal_uart.o
                0x00000000080011d0                UART_WaitOnFlagUntilTimeout
 .text.LDL_AES_init
                0x0000000008001264      0x1d0 Core/Src/LDL_source/ldl_aes.o
                0x0000000008001264                LDL_AES_init
 .text.LDL_AES_encrypt
                0x0000000008001434      0x5a8 Core/Src/LDL_source/ldl_aes.o
                0x0000000008001434                LDL_AES_encrypt
 .text.LDL_CMAC_init
                0x00000000080019dc       0x24 Core/Src/LDL_source/ldl_cmac.o
                0x00000000080019dc                LDL_CMAC_init
 .text.LDL_CMAC_update
                0x0000000008001a00      0x18e Core/Src/LDL_source/ldl_cmac.o
                0x0000000008001a00                LDL_CMAC_update
 .text.LDL_CMAC_finish
                0x0000000008001b8e      0x15a Core/Src/LDL_source/ldl_cmac.o
                0x0000000008001b8e                LDL_CMAC_finish
 .text.leftShift128
                0x0000000008001ce8       0x88 Core/Src/LDL_source/ldl_cmac.o
 .text.xor128   0x0000000008001d70      0x16c Core/Src/LDL_source/ldl_cmac.o
 .text.LDL_CTR_encrypt
                0x0000000008001edc      0x12a Core/Src/LDL_source/ldl_ctr.o
                0x0000000008001edc                LDL_CTR_encrypt
 .text.xor128   0x0000000008002006      0x16c Core/Src/LDL_source/ldl_ctr.o
 .text.LDL_Frame_updateMIC
                0x0000000008002172       0x52 Core/Src/LDL_source/ldl_frame.o
                0x0000000008002172                LDL_Frame_updateMIC
 .text.LDL_Frame_putData
                0x00000000080021c4      0x14a Core/Src/LDL_source/ldl_frame.o
                0x00000000080021c4                LDL_Frame_putData
 .text.LDL_Frame_putJoinRequest
                0x000000000800230e       0x84 Core/Src/LDL_source/ldl_frame.o
                0x000000000800230e                LDL_Frame_putJoinRequest
 .text.LDL_Frame_sizeofJoinAccept
                0x0000000008002392       0x22 Core/Src/LDL_source/ldl_frame.o
                0x0000000008002392                LDL_Frame_sizeofJoinAccept
 .text.LDL_Frame_decode
                0x00000000080023b4      0x352 Core/Src/LDL_source/ldl_frame.o
                0x00000000080023b4                LDL_Frame_decode
 .text.LDL_Frame_dataOverhead
                0x0000000008002706        0xc Core/Src/LDL_source/ldl_frame.o
                0x0000000008002706                LDL_Frame_dataOverhead
 .text.LDL_Frame_phyOverhead
                0x0000000008002712        0xc Core/Src/LDL_source/ldl_frame.o
                0x0000000008002712                LDL_Frame_phyOverhead
 *fill*         0x000000000800271e        0x2 
 .text.getFrameType
                0x0000000008002720       0x94 Core/Src/LDL_source/ldl_frame.o
 .text.LDL_MAC_init
                0x00000000080027b4      0x19c Core/Src/LDL_source/ldl_mac.o
                0x00000000080027b4                LDL_MAC_init
 .text.LDL_MAC_unconfirmedData
                0x0000000008002950       0x42 Core/Src/LDL_source/ldl_mac.o
                0x0000000008002950                LDL_MAC_unconfirmedData
 *fill*         0x0000000008002992        0x2 
 .text.LDL_MAC_otaa
                0x0000000008002994      0x1c4 Core/Src/LDL_source/ldl_mac.o
                0x0000000008002994                LDL_MAC_otaa
 .text.LDL_MAC_joined
                0x0000000008002b58       0x18 Core/Src/LDL_source/ldl_mac.o
                0x0000000008002b58                LDL_MAC_joined
 .text.LDL_MAC_forget
                0x0000000008002b70       0x36 Core/Src/LDL_source/ldl_mac.o
                0x0000000008002b70                LDL_MAC_forget
 .text.LDL_MAC_cancel
                0x0000000008002ba6       0x32 Core/Src/LDL_source/ldl_mac.o
                0x0000000008002ba6                LDL_MAC_cancel
 .text.LDL_MAC_process
                0x0000000008002bd8     0x110c Core/Src/LDL_source/ldl_mac.o
                0x0000000008002bd8                LDL_MAC_process
 .text.LDL_MAC_ready
                0x0000000008003ce4       0x44 Core/Src/LDL_source/ldl_mac.o
                0x0000000008003ce4                LDL_MAC_ready
 .text.LDL_MAC_bwToNumber
                0x0000000008003d28       0x40 Core/Src/LDL_source/ldl_mac.o
                0x0000000008003d28                LDL_MAC_bwToNumber
 .text.LDL_MAC_radioEvent
                0x0000000008003d68       0x4c Core/Src/LDL_source/ldl_mac.o
                0x0000000008003d68                LDL_MAC_radioEvent
 .text.LDL_MAC_addChannel
                0x0000000008003db4       0x88 Core/Src/LDL_source/ldl_mac.o
                0x0000000008003db4                LDL_MAC_addChannel
 .text.LDL_MAC_timerSet
                0x0000000008003e3c       0x6a Core/Src/LDL_source/ldl_mac.o
                0x0000000008003e3c                LDL_MAC_timerSet
 *fill*         0x0000000008003ea6        0x2 
 .text.LDL_MAC_timerCheck
                0x0000000008003ea8       0xc8 Core/Src/LDL_source/ldl_mac.o
                0x0000000008003ea8                LDL_MAC_timerCheck
 .text.LDL_MAC_timerClear
                0x0000000008003f70       0x28 Core/Src/LDL_source/ldl_mac.o
                0x0000000008003f70                LDL_MAC_timerClear
 .text.LDL_MAC_inputSignal
                0x0000000008003f98       0x7c Core/Src/LDL_source/ldl_mac.o
                0x0000000008003f98                LDL_MAC_inputSignal
 .text.LDL_MAC_inputArm
                0x0000000008004014       0x4c Core/Src/LDL_source/ldl_mac.o
                0x0000000008004014                LDL_MAC_inputArm
 .text.LDL_MAC_inputCheck
                0x0000000008004060       0x88 Core/Src/LDL_source/ldl_mac.o
                0x0000000008004060                LDL_MAC_inputCheck
 .text.LDL_MAC_inputClear
                0x00000000080040e8       0x3c Core/Src/LDL_source/ldl_mac.o
                0x00000000080040e8                LDL_MAC_inputClear
 .text.externalDataCommand
                0x0000000008004124      0x848 Core/Src/LDL_source/ldl_mac.o
 .text.adaptRate
                0x000000000800496c      0x1a4 Core/Src/LDL_source/ldl_mac.o
 .text.transmitTime
                0x0000000008004b10      0x116 Core/Src/LDL_source/ldl_mac.o
 .text.symbolPeriod
                0x0000000008004c26       0x3e Core/Src/LDL_source/ldl_mac.o
 .text.extraSymbols
                0x0000000008004c64       0x36 Core/Src/LDL_source/ldl_mac.o
 *fill*         0x0000000008004c9a        0x2 
 .text.processCommands
                0x0000000008004c9c      0xaec Core/Src/LDL_source/ldl_mac.o
 .text.registerTime
                0x0000000008005788      0x134 Core/Src/LDL_source/ldl_mac.o
 .text.selectChannel
                0x00000000080058bc      0x1f0 Core/Src/LDL_source/ldl_mac.o
 .text.isAvailable
                0x0000000008005aac       0xd4 Core/Src/LDL_source/ldl_mac.o
 .text.msUntilAvailable
                0x0000000008005b80       0xe2 Core/Src/LDL_source/ldl_mac.o
 *fill*         0x0000000008005c62        0x2 
 .text.restoreDefaults
                0x0000000008005c64      0x138 Core/Src/LDL_source/ldl_mac.o
 .text.getChannel
                0x0000000008005d9c       0xd2 Core/Src/LDL_source/ldl_mac.o
 .text.setChannel
                0x0000000008005e6e       0x92 Core/Src/LDL_source/ldl_mac.o
 .text.maskChannel
                0x0000000008005f00       0x8c Core/Src/LDL_source/ldl_mac.o
 .text.unmaskChannel
                0x0000000008005f8c       0x90 Core/Src/LDL_source/ldl_mac.o
 .text.unmaskAllChannels
                0x000000000800601c       0x24 Core/Src/LDL_source/ldl_mac.o
 .text.channelIsMasked
                0x0000000008006040       0x86 Core/Src/LDL_source/ldl_mac.o
 .text.allChannelsAreMasked
                0x00000000080060c6       0x62 Core/Src/LDL_source/ldl_mac.o
 .text.rateSettingIsValid
                0x0000000008006128       0x7c Core/Src/LDL_source/ldl_mac.o
 .text.timeNow  0x00000000080061a4       0x8e Core/Src/LDL_source/ldl_mac.o
 *fill*         0x0000000008006232        0x2 
 .text.getRetryDuty
                0x0000000008006234       0x4c Core/Src/LDL_source/ldl_mac.o
 .text.timerDelta
                0x0000000008006280       0x2a Core/Src/LDL_source/ldl_mac.o
 .text.processBands
                0x00000000080062aa       0xf2 Core/Src/LDL_source/ldl_mac.o
 .text.nextBandEvent
                0x000000000800639c       0x60 Core/Src/LDL_source/ldl_mac.o
 .text.downlinkMissingHandler
                0x00000000080063fc      0x3e8 Core/Src/LDL_source/ldl_mac.o
 .text.ticksToMS
                0x00000000080067e4       0x30 Core/Src/LDL_source/ldl_mac.o
 .text.ticksToMSCoarse
                0x0000000008006814       0x2e Core/Src/LDL_source/ldl_mac.o
 .text.msUntilNextChannel
                0x0000000008006842       0x76 Core/Src/LDL_source/ldl_mac.o
 .text.rand32   0x00000000080068b8       0x66 Core/Src/LDL_source/ldl_mac.o
 .text.pushSessionUpdate
                0x000000000800691e       0x34 Core/Src/LDL_source/ldl_mac.o
 .text.dummyResponseHandler
                0x0000000008006952       0x1a Core/Src/LDL_source/ldl_mac.o
 .text.commandIsPending
                0x000000000800696c       0x34 Core/Src/LDL_source/ldl_mac.o
 .text.clearPendingCommand
                0x00000000080069a0       0x3e Core/Src/LDL_source/ldl_mac.o
 .text.setPendingCommand
                0x00000000080069de       0x36 Core/Src/LDL_source/ldl_mac.o
 .text.LDL_MAC_peekNextCommand
                0x0000000008006a14       0x4a Core/Src/LDL_source/ldl_mac_commands.o
                0x0000000008006a14                LDL_MAC_peekNextCommand
 .text.LDL_MAC_putLinkCheckReq
                0x0000000008006a5e       0x24 Core/Src/LDL_source/ldl_mac_commands.o
                0x0000000008006a5e                LDL_MAC_putLinkCheckReq
 .text.LDL_MAC_putLinkADRAns
                0x0000000008006a82       0x6a Core/Src/LDL_source/ldl_mac_commands.o
                0x0000000008006a82                LDL_MAC_putLinkADRAns
 .text.LDL_MAC_putDutyCycleAns
                0x0000000008006aec       0x24 Core/Src/LDL_source/ldl_mac_commands.o
                0x0000000008006aec                LDL_MAC_putDutyCycleAns
 .text.LDL_MAC_putRXParamSetupAns
                0x0000000008006b10       0x6a Core/Src/LDL_source/ldl_mac_commands.o
                0x0000000008006b10                LDL_MAC_putRXParamSetupAns
 .text.LDL_MAC_putDevStatusAns
                0x0000000008006b7a       0x4c Core/Src/LDL_source/ldl_mac_commands.o
                0x0000000008006b7a                LDL_MAC_putDevStatusAns
 .text.LDL_MAC_putNewChannelAns
                0x0000000008006bc6       0x58 Core/Src/LDL_source/ldl_mac_commands.o
                0x0000000008006bc6                LDL_MAC_putNewChannelAns
 .text.LDL_MAC_putDLChannelAns
                0x0000000008006c1e       0x58 Core/Src/LDL_source/ldl_mac_commands.o
                0x0000000008006c1e                LDL_MAC_putDLChannelAns
 .text.LDL_MAC_putRXTimingSetupAns
                0x0000000008006c76       0x24 Core/Src/LDL_source/ldl_mac_commands.o
                0x0000000008006c76                LDL_MAC_putRXTimingSetupAns
 .text.LDL_MAC_putTXParamSetupAns
                0x0000000008006c9a       0x24 Core/Src/LDL_source/ldl_mac_commands.o
                0x0000000008006c9a                LDL_MAC_putTXParamSetupAns
 .text.LDL_MAC_putRekeyInd
                0x0000000008006cbe       0x34 Core/Src/LDL_source/ldl_mac_commands.o
                0x0000000008006cbe                LDL_MAC_putRekeyInd
 .text.LDL_MAC_putADRParamSetupAns
                0x0000000008006cf2       0x24 Core/Src/LDL_source/ldl_mac_commands.o
                0x0000000008006cf2                LDL_MAC_putADRParamSetupAns
 .text.LDL_MAC_putDeviceTimeReq
                0x0000000008006d16       0x24 Core/Src/LDL_source/ldl_mac_commands.o
                0x0000000008006d16                LDL_MAC_putDeviceTimeReq
 .text.LDL_MAC_putRejoinParamSetupAns
                0x0000000008006d3a       0x34 Core/Src/LDL_source/ldl_mac_commands.o
                0x0000000008006d3a                LDL_MAC_putRejoinParamSetupAns
 *fill*         0x0000000008006d6e        0x2 
 .text.LDL_MAC_getDownCommand
                0x0000000008006d70      0x324 Core/Src/LDL_source/ldl_mac_commands.o
                0x0000000008006d70                LDL_MAC_getDownCommand
 .text.typeToTag
                0x0000000008007094       0x24 Core/Src/LDL_source/ldl_mac_commands.o
 .text.tagToType
                0x00000000080070b8       0x7c Core/Src/LDL_source/ldl_mac_commands.o
 .text.LDL_OPS_syncDownCounter
                0x0000000008007134       0x68 Core/Src/LDL_source/ldl_ops.o
                0x0000000008007134                LDL_OPS_syncDownCounter
 .text.LDL_OPS_deriveKeys
                0x000000000800719c      0x1d0 Core/Src/LDL_source/ldl_ops.o
                0x000000000800719c                LDL_OPS_deriveKeys
 .text.LDL_OPS_prepareData
                0x000000000800736c       0xe0 Core/Src/LDL_source/ldl_ops.o
                0x000000000800736c                LDL_OPS_prepareData
 .text.LDL_OPS_micDataFrame
                0x000000000800744c      0x108 Core/Src/LDL_source/ldl_ops.o
                0x000000000800744c                LDL_OPS_micDataFrame
 .text.LDL_OPS_prepareJoinRequest
                0x0000000008007554       0x66 Core/Src/LDL_source/ldl_ops.o
                0x0000000008007554                LDL_OPS_prepareJoinRequest
 *fill*         0x00000000080075ba        0x2 
 .text.LDL_OPS_receiveFrame
                0x00000000080075bc      0x480 Core/Src/LDL_source/ldl_ops.o
                0x00000000080075bc                LDL_OPS_receiveFrame
 .text.initA    0x0000000008007a3c      0x100 Core/Src/LDL_source/ldl_ops.o
 .text.initB    0x0000000008007b3c      0x154 Core/Src/LDL_source/ldl_ops.o
 .text.deriveDownCounter
                0x0000000008007c90       0x7c Core/Src/LDL_source/ldl_ops.o
 .text.putEUI   0x0000000008007d0c       0x62 Core/Src/LDL_source/ldl_ops.o
 .text.putU8    0x0000000008007d6e       0x20 Core/Src/LDL_source/ldl_ops.o
 .text.putU16   0x0000000008007d8e       0x32 Core/Src/LDL_source/ldl_ops.o
 .text.putU24   0x0000000008007dc0       0x34 Core/Src/LDL_source/ldl_ops.o
 .text.putU32   0x0000000008007df4       0x40 Core/Src/LDL_source/ldl_ops.o
 .text.LDL_Radio_init
                0x0000000008007e34       0x34 Core/Src/LDL_source/ldl_radio.o
                0x0000000008007e34                LDL_Radio_init
 .text.LDL_Radio_setPA
                0x0000000008007e68       0x1e Core/Src/LDL_source/ldl_radio.o
                0x0000000008007e68                LDL_Radio_setPA
 .text.LDL_Radio_setHandler
                0x0000000008007e86       0x20 Core/Src/LDL_source/ldl_radio.o
                0x0000000008007e86                LDL_Radio_setHandler
 .text.LDL_Radio_interrupt
                0x0000000008007ea6       0x3c Core/Src/LDL_source/ldl_radio.o
                0x0000000008007ea6                LDL_Radio_interrupt
 .text.LDL_Radio_reset
                0x0000000008007ee2       0x26 Core/Src/LDL_source/ldl_radio.o
                0x0000000008007ee2                LDL_Radio_reset
 .text.LDL_Radio_transmit
                0x0000000008007f08       0xe4 Core/Src/LDL_source/ldl_radio.o
                0x0000000008007f08                LDL_Radio_transmit
 .text.LDL_Radio_receive
                0x0000000008007fec       0xbe Core/Src/LDL_source/ldl_radio.o
                0x0000000008007fec                LDL_Radio_receive
 .text.LDL_Radio_collect
                0x00000000080080aa       0x7a Core/Src/LDL_source/ldl_radio.o
                0x00000000080080aa                LDL_Radio_collect
 .text.LDL_Radio_signal
                0x0000000008008124       0x6c Core/Src/LDL_source/ldl_radio.o
                0x0000000008008124                LDL_Radio_signal
 .text.LDL_Radio_entropyBegin
                0x0000000008008190       0x64 Core/Src/LDL_source/ldl_radio.o
                0x0000000008008190                LDL_Radio_entropyBegin
 .text.LDL_Radio_entropyEnd
                0x00000000080081f4       0x4e Core/Src/LDL_source/ldl_radio.o
                0x00000000080081f4                LDL_Radio_entropyEnd
 .text.LDL_Radio_sleep
                0x0000000008008242       0x18 Core/Src/LDL_source/ldl_radio.o
                0x0000000008008242                LDL_Radio_sleep
 .text.LDL_Radio_clearInterrupt
                0x000000000800825a       0x30 Core/Src/LDL_source/ldl_radio.o
                0x000000000800825a                LDL_Radio_clearInterrupt
 *fill*         0x000000000800828a        0x2 
 .text.LDL_Radio_minSNR
                0x000000000800828c       0x94 Core/Src/LDL_source/ldl_radio.o
                0x000000000800828c                LDL_Radio_minSNR
 .text.enableLora
                0x0000000008008320       0x38 Core/Src/LDL_source/ldl_radio.o
 .text.setOp    0x0000000008008358       0x44 Core/Src/LDL_source/ldl_radio.o
 .text.setOpSleep
                0x000000000800839c       0x1a Core/Src/LDL_source/ldl_radio.o
 .text.setOpStandby
                0x00000000080083b6       0x1a Core/Src/LDL_source/ldl_radio.o
 .text.setOpRX  0x00000000080083d0       0x1a Core/Src/LDL_source/ldl_radio.o
 .text.setOpRXContinuous
                0x00000000080083ea       0x1a Core/Src/LDL_source/ldl_radio.o
 .text.setOpTX  0x0000000008008404       0x1a Core/Src/LDL_source/ldl_radio.o
 .text.setModemConfig
                0x000000000800841e       0xc0 Core/Src/LDL_source/ldl_radio.o
 .text.setPower
                0x00000000080084de      0x176 Core/Src/LDL_source/ldl_radio.o
 .text.bwSetting
                0x0000000008008654       0x5a Core/Src/LDL_source/ldl_radio.o
 *fill*         0x00000000080086ae        0x2 
 .text.sfSetting
                0x00000000080086b0       0x78 Core/Src/LDL_source/ldl_radio.o
 .text.crSetting
                0x0000000008008728       0x38 Core/Src/LDL_source/ldl_radio.o
 .text.setFreq  0x0000000008008760       0x64 Core/Src/LDL_source/ldl_radio.o
 .text.readFIFO
                0x00000000080087c4       0x76 Core/Src/LDL_source/ldl_radio.o
 .text.writeFIFO
                0x000000000800883a       0x4a Core/Src/LDL_source/ldl_radio.o
 .text.readReg  0x0000000008008884       0x2c Core/Src/LDL_source/ldl_radio.o
 .text.writeReg
                0x00000000080088b0       0x30 Core/Src/LDL_source/ldl_radio.o
 .text.burstWrite
                0x00000000080088e0       0x3a Core/Src/LDL_source/ldl_radio.o
 .text.burstRead
                0x000000000800891a       0x3a Core/Src/LDL_source/ldl_radio.o
 .text.LDL_Region_convertRate
                0x0000000008008954      0x10c Core/Src/LDL_source/ldl_region.o
                0x0000000008008954                LDL_Region_convertRate
 .text.LDL_Region_getBand
                0x0000000008008a60       0xf4 Core/Src/LDL_source/ldl_region.o
                0x0000000008008a60                LDL_Region_getBand
 .text.LDL_Region_isDynamic
                0x0000000008008b54       0x22 Core/Src/LDL_source/ldl_region.o
                0x0000000008008b54                LDL_Region_isDynamic
 .text.LDL_Region_getChannel
                0x0000000008008b76       0x30 Core/Src/LDL_source/ldl_region.o
                0x0000000008008b76                LDL_Region_getChannel
 .text.LDL_Region_numChannels
                0x0000000008008ba6       0x22 Core/Src/LDL_source/ldl_region.o
                0x0000000008008ba6                LDL_Region_numChannels
 .text.LDL_Region_getDefaultChannels
                0x0000000008008bc8       0x8c Core/Src/LDL_source/ldl_region.o
                0x0000000008008bc8                LDL_Region_getDefaultChannels
 .text.unpackCFListFreq
                0x0000000008008c54       0x5e Core/Src/LDL_source/ldl_region.o
 .text.LDL_Region_processCFList
                0x0000000008008cb2       0xca Core/Src/LDL_source/ldl_region.o
                0x0000000008008cb2                LDL_Region_processCFList
 .text.LDL_Region_getOffTimeFactor
                0x0000000008008d7c       0x58 Core/Src/LDL_source/ldl_region.o
                0x0000000008008d7c                LDL_Region_getOffTimeFactor
 .text.LDL_Region_validateRate
                0x0000000008008dd4       0x7a Core/Src/LDL_source/ldl_region.o
                0x0000000008008dd4                LDL_Region_validateRate
 .text.LDL_Region_validateFreq
                0x0000000008008e4e       0x1e Core/Src/LDL_source/ldl_region.o
                0x0000000008008e4e                LDL_Region_validateFreq
 .text.LDL_Region_getRX1DataRate
                0x0000000008008e6c       0xb4 Core/Src/LDL_source/ldl_region.o
                0x0000000008008e6c                LDL_Region_getRX1DataRate
 .text.LDL_Region_getRX1Freq
                0x0000000008008f20       0x2c Core/Src/LDL_source/ldl_region.o
                0x0000000008008f20                LDL_Region_getRX1Freq
 .text.LDL_Region_getRX1Delay
                0x0000000008008f4c       0x16 Core/Src/LDL_source/ldl_region.o
                0x0000000008008f4c                LDL_Region_getRX1Delay
 .text.LDL_Region_getJA1Delay
                0x0000000008008f62       0x16 Core/Src/LDL_source/ldl_region.o
                0x0000000008008f62                LDL_Region_getJA1Delay
 .text.LDL_Region_getRX1Offset
                0x0000000008008f78       0x16 Core/Src/LDL_source/ldl_region.o
                0x0000000008008f78                LDL_Region_getRX1Offset
 *fill*         0x0000000008008f8e        0x2 
 .text.LDL_Region_getRX2Freq
                0x0000000008008f90       0x20 Core/Src/LDL_source/ldl_region.o
                0x0000000008008f90                LDL_Region_getRX2Freq
 .text.LDL_Region_getRX2Rate
                0x0000000008008fb0       0x22 Core/Src/LDL_source/ldl_region.o
                0x0000000008008fb0                LDL_Region_getRX2Rate
 .text.LDL_Region_validateTXPower
                0x0000000008008fd2       0x44 Core/Src/LDL_source/ldl_region.o
                0x0000000008008fd2                LDL_Region_validateTXPower
 .text.LDL_Region_getTXPower
                0x0000000008009016       0x70 Core/Src/LDL_source/ldl_region.o
                0x0000000008009016                LDL_Region_getTXPower
 .text.LDL_Region_getJoinRate
                0x0000000008009086       0x48 Core/Src/LDL_source/ldl_region.o
                0x0000000008009086                LDL_Region_getJoinRate
 *fill*         0x00000000080090ce        0x2 
 .text.LDL_Region_getMaxDCycleOffLimit
                0x00000000080090d0       0x1c Core/Src/LDL_source/ldl_region.o
                0x00000000080090d0                LDL_Region_getMaxDCycleOffLimit
 .text.upRateRange
                0x00000000080090ec       0x68 Core/Src/LDL_source/ldl_region.o
 .text.LDL_SM_init
                0x0000000008009154       0x30 Core/Src/LDL_source/ldl_sm.o
                0x0000000008009154                LDL_SM_init
 .text.LDL_SM_beginUpdateSessionKey
                0x0000000008009184       0x10 Core/Src/LDL_source/ldl_sm.o
                0x0000000008009184                LDL_SM_beginUpdateSessionKey
 .text.LDL_SM_endUpdateSessionKey
                0x0000000008009194       0x10 Core/Src/LDL_source/ldl_sm.o
                0x0000000008009194                LDL_SM_endUpdateSessionKey
 .text.LDL_SM_updateSessionKey
                0x00000000080091a4       0x86 Core/Src/LDL_source/ldl_sm.o
                0x00000000080091a4                LDL_SM_updateSessionKey
 *fill*         0x000000000800922a        0x2 
 .text.LDL_SM_mic
                0x000000000800922c      0x124 Core/Src/LDL_source/ldl_sm.o
                0x000000000800922c                LDL_SM_mic
 .text.LDL_SM_ecb
                0x0000000008009350       0x42 Core/Src/LDL_source/ldl_sm.o
                0x0000000008009350                LDL_SM_ecb
 .text.LDL_SM_ctr
                0x0000000008009392       0x50 Core/Src/LDL_source/ldl_sm.o
                0x0000000008009392                LDL_SM_ctr
 .text.getKey   0x00000000080093e2       0x20 Core/Src/LDL_source/ldl_sm.o
 .text.LDL_Stream_init
                0x0000000008009402       0x36 Core/Src/LDL_source/ldl_stream.o
                0x0000000008009402                LDL_Stream_init
 .text.LDL_Stream_initReadOnly
                0x0000000008009438       0x36 Core/Src/LDL_source/ldl_stream.o
                0x0000000008009438                LDL_Stream_initReadOnly
 .text.LDL_Stream_read
                0x000000000800946e       0x7c Core/Src/LDL_source/ldl_stream.o
                0x000000000800946e                LDL_Stream_read
 .text.LDL_Stream_write
                0x00000000080094ea       0x84 Core/Src/LDL_source/ldl_stream.o
                0x00000000080094ea                LDL_Stream_write
 .text.LDL_Stream_tell
                0x000000000800956e       0x14 Core/Src/LDL_source/ldl_stream.o
                0x000000000800956e                LDL_Stream_tell
 .text.LDL_Stream_remaining
                0x0000000008009582       0x1c Core/Src/LDL_source/ldl_stream.o
                0x0000000008009582                LDL_Stream_remaining
 .text.LDL_Stream_peek
                0x000000000800959e       0x44 Core/Src/LDL_source/ldl_stream.o
                0x000000000800959e                LDL_Stream_peek
 .text.LDL_Stream_seekSet
                0x00000000080095e2       0x40 Core/Src/LDL_source/ldl_stream.o
                0x00000000080095e2                LDL_Stream_seekSet
 .text.LDL_Stream_seekCur
                0x0000000008009622       0x80 Core/Src/LDL_source/ldl_stream.o
                0x0000000008009622                LDL_Stream_seekCur
 .text.LDL_Stream_putU8
                0x00000000080096a2       0x24 Core/Src/LDL_source/ldl_stream.o
                0x00000000080096a2                LDL_Stream_putU8
 .text.LDL_Stream_putU16
                0x00000000080096c6       0x48 Core/Src/LDL_source/ldl_stream.o
                0x00000000080096c6                LDL_Stream_putU16
 .text.LDL_Stream_putU32
                0x000000000800970e       0x52 Core/Src/LDL_source/ldl_stream.o
                0x000000000800970e                LDL_Stream_putU32
 .text.LDL_Stream_putEUI
                0x0000000008009760       0x62 Core/Src/LDL_source/ldl_stream.o
                0x0000000008009760                LDL_Stream_putEUI
 .text.LDL_Stream_getU8
                0x00000000080097c2       0x20 Core/Src/LDL_source/ldl_stream.o
                0x00000000080097c2                LDL_Stream_getU8
 .text.LDL_Stream_getU16
                0x00000000080097e2       0x58 Core/Src/LDL_source/ldl_stream.o
                0x00000000080097e2                LDL_Stream_getU16
 .text.LDL_Stream_getU24
                0x000000000800983a       0x6a Core/Src/LDL_source/ldl_stream.o
                0x000000000800983a                LDL_Stream_getU24
 .text.LDL_Stream_getU32
                0x00000000080098a4       0x82 Core/Src/LDL_source/ldl_stream.o
                0x00000000080098a4                LDL_Stream_getU32
 .text.LDL_Stream_error
                0x0000000008009926       0x14 Core/Src/LDL_source/ldl_stream.o
                0x0000000008009926                LDL_Stream_error
 .text.LDL_System_rand
                0x000000000800993a       0x18 Core/Src/LDL_source/ldl_system.o
                0x000000000800993a                LDL_System_rand
 .text.LDL_System_getBatteryLevel
                0x0000000008009952       0x12 Core/Src/LDL_source/ldl_system.o
                0x0000000008009952                LDL_System_getBatteryLevel
 .text.LDL_System_advance
                0x0000000008009964        0xc Core/Src/LDL_source/ldl_system.o
                0x0000000008009964                LDL_System_advance
 .text.main     0x0000000008009970      0x218 Core/Src/main.o
                0x0000000008009970                main
 .text.SystemClock_Config
                0x0000000008009b88       0xf8 Core/Src/main.o
                0x0000000008009b88                SystemClock_Config
 .text.MX_I2C1_Init
                0x0000000008009c80       0x90 Core/Src/main.o
 .text.MX_LPTIM1_Init
                0x0000000008009d10       0x5c Core/Src/main.o
 .text.MX_SPI1_Init
                0x0000000008009d6c       0x78 Core/Src/main.o
 .text.MX_GPIO_Init
                0x0000000008009de4       0xec Core/Src/main.o
 .text.LDL_System_ticks
                0x0000000008009ed0       0x16 Core/Src/main.o
                0x0000000008009ed0                LDL_System_ticks
 .text.LDL_System_tps
                0x0000000008009ee6        0xe Core/Src/main.o
                0x0000000008009ee6                LDL_System_tps
 .text.LDL_System_eps
                0x0000000008009ef4        0xc Core/Src/main.o
                0x0000000008009ef4                LDL_System_eps
 .text.SPI_InOut
                0x0000000008009f00       0x68 Core/Src/main.o
                0x0000000008009f00                SPI_InOut
 .text.LDL_Chip_write
                0x0000000008009f68       0x94 Core/Src/main.o
                0x0000000008009f68                LDL_Chip_write
 .text.LDL_Chip_read
                0x0000000008009ffc       0x94 Core/Src/main.o
                0x0000000008009ffc                LDL_Chip_read
 .text.LDL_Chip_reset
                0x000000000800a090       0xa8 Core/Src/main.o
                0x000000000800a090                LDL_Chip_reset
 .text.HAL_GPIO_EXTI_Callback
                0x000000000800a138       0x68 Core/Src/main.o
                0x000000000800a138                HAL_GPIO_EXTI_Callback
 .text.enable_interrupts
                0x000000000800a1a0       0x3a Core/Src/main.o
                0x000000000800a1a0                enable_interrupts
 *fill*         0x000000000800a1da        0x2 
 .text.app_handler
                0x000000000800a1dc      0x214 Core/Src/main.o
                0x000000000800a1dc                app_handler
 .text.GetTimer
                0x000000000800a3f0       0x34 Core/Src/main.o
                0x000000000800a3f0                GetTimer
 .text.HAL_LPTIM_AutoReloadMatchCallback
                0x000000000800a424       0x20 Core/Src/main.o
                0x000000000800a424                HAL_LPTIM_AutoReloadMatchCallback
 .text.Error_Handler
                0x000000000800a444       0x10 Core/Src/main.o
                0x000000000800a444                Error_Handler
 .text.HAL_MspInit
                0x000000000800a454       0x38 Core/Src/stm32l0xx_hal_msp.o
                0x000000000800a454                HAL_MspInit
 .text.HAL_I2C_MspInit
                0x000000000800a48c       0xd4 Core/Src/stm32l0xx_hal_msp.o
                0x000000000800a48c                HAL_I2C_MspInit
 .text.HAL_LPTIM_MspInit
                0x000000000800a560       0x40 Core/Src/stm32l0xx_hal_msp.o
                0x000000000800a560                HAL_LPTIM_MspInit
 .text.HAL_SPI_MspInit
                0x000000000800a5a0       0x88 Core/Src/stm32l0xx_hal_msp.o
                0x000000000800a5a0                HAL_SPI_MspInit
 .text.NMI_Handler
                0x000000000800a628        0xa Core/Src/stm32l0xx_it.o
                0x000000000800a628                NMI_Handler
 .text.HardFault_Handler
                0x000000000800a632        0x6 Core/Src/stm32l0xx_it.o
                0x000000000800a632                HardFault_Handler
 .text.SVC_Handler
                0x000000000800a638        0xa Core/Src/stm32l0xx_it.o
                0x000000000800a638                SVC_Handler
 .text.PendSV_Handler
                0x000000000800a642        0xa Core/Src/stm32l0xx_it.o
                0x000000000800a642                PendSV_Handler
 .text.SysTick_Handler
                0x000000000800a64c        0xe Core/Src/stm32l0xx_it.o
                0x000000000800a64c                SysTick_Handler
 .text.PVD_IRQHandler
                0x000000000800a65a        0xe Core/Src/stm32l0xx_it.o
                0x000000000800a65a                PVD_IRQHandler
 .text.EXTI2_3_IRQHandler
                0x000000000800a668       0x10 Core/Src/stm32l0xx_it.o
                0x000000000800a668                EXTI2_3_IRQHandler
 .text.EXTI4_15_IRQHandler
                0x000000000800a678       0x20 Core/Src/stm32l0xx_it.o
                0x000000000800a678                EXTI4_15_IRQHandler
 .text.LPTIM1_IRQHandler
                0x000000000800a698       0x18 Core/Src/stm32l0xx_it.o
                0x000000000800a698                LPTIM1_IRQHandler
 .text._read    0x000000000800a6b0       0x3a Core/Src/syscalls.o
                0x000000000800a6b0                _read
 .text._write   0x000000000800a6ea       0x38 Core/Src/syscalls.o
                0x000000000800a6ea                _write
 .text._close   0x000000000800a722       0x14 Core/Src/syscalls.o
                0x000000000800a722                _close
 .text._fstat   0x000000000800a736       0x1c Core/Src/syscalls.o
                0x000000000800a736                _fstat
 .text._isatty  0x000000000800a752       0x12 Core/Src/syscalls.o
                0x000000000800a752                _isatty
 .text._lseek   0x000000000800a764       0x16 Core/Src/syscalls.o
                0x000000000800a764                _lseek
 *fill*         0x000000000800a77a        0x2 
 .text._sbrk    0x000000000800a77c       0x58 Core/Src/sysmem.o
                0x000000000800a77c                _sbrk
 .text.SystemInit
                0x000000000800a7d4       0x7c Core/Src/system_stm32l0xx.o
                0x000000000800a7d4                SystemInit
 .text.Reset_Handler
                0x000000000800a850       0x50 Core/Startup/startup_stm32l073rztx.o
                0x000000000800a850                Reset_Handler
 .text.Default_Handler
                0x000000000800a8a0        0x2 Core/Startup/startup_stm32l073rztx.o
                0x000000000800a8a0                TSC_IRQHandler
                0x000000000800a8a0                ADC1_COMP_IRQHandler
                0x000000000800a8a0                I2C1_IRQHandler
                0x000000000800a8a0                RCC_CRS_IRQHandler
                0x000000000800a8a0                SPI1_IRQHandler
                0x000000000800a8a0                TIM6_DAC_IRQHandler
                0x000000000800a8a0                I2C2_IRQHandler
                0x000000000800a8a0                RTC_IRQHandler
                0x000000000800a8a0                LCD_IRQHandler
                0x000000000800a8a0                DMA1_Channel4_5_6_7_IRQHandler
                0x000000000800a8a0                TIM3_IRQHandler
                0x000000000800a8a0                DMA1_Channel1_IRQHandler
                0x000000000800a8a0                USART4_5_IRQHandler
                0x000000000800a8a0                Default_Handler
                0x000000000800a8a0                TIM22_IRQHandler
                0x000000000800a8a0                TIM7_IRQHandler
                0x000000000800a8a0                EXTI0_1_IRQHandler
                0x000000000800a8a0                USB_IRQHandler
                0x000000000800a8a0                I2C3_IRQHandler
                0x000000000800a8a0                SPI2_IRQHandler
                0x000000000800a8a0                TIM21_IRQHandler
                0x000000000800a8a0                WWDG_IRQHandler
                0x000000000800a8a0                TIM2_IRQHandler
                0x000000000800a8a0                DMA1_Channel2_3_IRQHandler
                0x000000000800a8a0                USART2_IRQHandler
                0x000000000800a8a0                FLASH_IRQHandler
                0x000000000800a8a0                USART1_IRQHandler
                0x000000000800a8a0                RNG_LPUART1_IRQHandler
 *fill*         0x000000000800a8a2        0x2 
 .text.HAL_Init
                0x000000000800a8a4       0x40 Drivers/STM32L0xx_HAL_Driver/Src/stm32l0xx_hal.o
                0x000000000800a8a4                HAL_Init
 .text.HAL_InitTick
                0x000000000800a8e4       0x54 Drivers/STM32L0xx_HAL_Driver/Src/stm32l0xx_hal.o
                0x000000000800a8e4                HAL_InitTick
 .text.HAL_IncTick
                0x000000000800a938       0x18 Drivers/STM32L0xx_HAL_Driver/Src/stm32l0xx_hal.o
                0x000000000800a938                HAL_IncTick
 .text.HAL_GetTick
                0x000000000800a950       0x14 Drivers/STM32L0xx_HAL_Driver/Src/stm32l0xx_hal.o
                0x000000000800a950                HAL_GetTick
 .text.NVIC_EnableIRQ
                0x000000000800a964       0x2c Drivers/STM32L0xx_HAL_Driver/Src/stm32l0xx_hal_cortex.o
 .text.NVIC_SetPriority
                0x000000000800a990       0xdc Drivers/STM32L0xx_HAL_Driver/Src/stm32l0xx_hal_cortex.o
 .text.SysTick_Config
                0x000000000800aa6c       0x48 Drivers/STM32L0xx_HAL_Driver/Src/stm32l0xx_hal_cortex.o
 .text.HAL_NVIC_SetPriority
                0x000000000800aab4       0x2a Drivers/STM32L0xx_HAL_Driver/Src/stm32l0xx_hal_cortex.o
                0x000000000800aab4                HAL_NVIC_SetPriority
 .text.HAL_NVIC_EnableIRQ
                0x000000000800aade       0x20 Drivers/STM32L0xx_HAL_Driver/Src/stm32l0xx_hal_cortex.o
                0x000000000800aade                HAL_NVIC_EnableIRQ
 .text.HAL_SYSTICK_Config
                0x000000000800aafe       0x1a Drivers/STM32L0xx_HAL_Driver/Src/stm32l0xx_hal_cortex.o
                0x000000000800aafe                HAL_SYSTICK_Config
 .text.HAL_GPIO_Init
                0x000000000800ab18      0x2fc Drivers/STM32L0xx_HAL_Driver/Src/stm32l0xx_hal_gpio.o
                0x000000000800ab18                HAL_GPIO_Init
 .text.HAL_GPIO_WritePin
                0x000000000800ae14       0x3a Drivers/STM32L0xx_HAL_Driver/Src/stm32l0xx_hal_gpio.o
                0x000000000800ae14                HAL_GPIO_WritePin
 *fill*         0x000000000800ae4e        0x2 
 .text.HAL_GPIO_EXTI_IRQHandler
                0x000000000800ae50       0x38 Drivers/STM32L0xx_HAL_Driver/Src/stm32l0xx_hal_gpio.o
                0x000000000800ae50                HAL_GPIO_EXTI_IRQHandler
 .text.HAL_I2C_Init
                0x000000000800ae88      0x12c Drivers/STM32L0xx_HAL_Driver/Src/stm32l0xx_hal_i2c.o
                0x000000000800ae88                HAL_I2C_Init
 .text.HAL_I2CEx_ConfigAnalogFilter
                0x000000000800afb4       0x98 Drivers/STM32L0xx_HAL_Driver/Src/stm32l0xx_hal_i2c_ex.o
                0x000000000800afb4                HAL_I2CEx_ConfigAnalogFilter
 .text.HAL_I2CEx_ConfigDigitalFilter
                0x000000000800b04c       0x98 Drivers/STM32L0xx_HAL_Driver/Src/stm32l0xx_hal_i2c_ex.o
                0x000000000800b04c                HAL_I2CEx_ConfigDigitalFilter
 .text.HAL_LPTIM_Init
                0x000000000800b0e4      0x100 Drivers/STM32L0xx_HAL_Driver/Src/stm32l0xx_hal_lptim.o
                0x000000000800b0e4                HAL_LPTIM_Init
 .text.HAL_LPTIM_Counter_Start_IT
                0x000000000800b1e4       0xa8 Drivers/STM32L0xx_HAL_Driver/Src/stm32l0xx_hal_lptim.o
                0x000000000800b1e4                HAL_LPTIM_Counter_Start_IT
 .text.HAL_LPTIM_ReadCounter
                0x000000000800b28c       0x16 Drivers/STM32L0xx_HAL_Driver/Src/stm32l0xx_hal_lptim.o
                0x000000000800b28c                HAL_LPTIM_ReadCounter
 .text.HAL_LPTIM_IRQHandler
                0x000000000800b2a2      0x144 Drivers/STM32L0xx_HAL_Driver/Src/stm32l0xx_hal_lptim.o
                0x000000000800b2a2                HAL_LPTIM_IRQHandler
 .text.HAL_LPTIM_CompareMatchCallback
                0x000000000800b3e6       0x10 Drivers/STM32L0xx_HAL_Driver/Src/stm32l0xx_hal_lptim.o
                0x000000000800b3e6                HAL_LPTIM_CompareMatchCallback
 .text.HAL_LPTIM_TriggerCallback
                0x000000000800b3f6       0x10 Drivers/STM32L0xx_HAL_Driver/Src/stm32l0xx_hal_lptim.o
                0x000000000800b3f6                HAL_LPTIM_TriggerCallback
 .text.HAL_LPTIM_CompareWriteCallback
                0x000000000800b406       0x10 Drivers/STM32L0xx_HAL_Driver/Src/stm32l0xx_hal_lptim.o
                0x000000000800b406                HAL_LPTIM_CompareWriteCallback
 .text.HAL_LPTIM_AutoReloadWriteCallback
                0x000000000800b416       0x10 Drivers/STM32L0xx_HAL_Driver/Src/stm32l0xx_hal_lptim.o
                0x000000000800b416                HAL_LPTIM_AutoReloadWriteCallback
 .text.HAL_LPTIM_DirectionUpCallback
                0x000000000800b426       0x10 Drivers/STM32L0xx_HAL_Driver/Src/stm32l0xx_hal_lptim.o
                0x000000000800b426                HAL_LPTIM_DirectionUpCallback
 .text.HAL_LPTIM_DirectionDownCallback
                0x000000000800b436       0x10 Drivers/STM32L0xx_HAL_Driver/Src/stm32l0xx_hal_lptim.o
                0x000000000800b436                HAL_LPTIM_DirectionDownCallback
 *fill*         0x000000000800b446        0x2 
 .text.HAL_PWR_PVD_IRQHandler
                0x000000000800b448       0x28 Drivers/STM32L0xx_HAL_Driver/Src/stm32l0xx_hal_pwr.o
                0x000000000800b448                HAL_PWR_PVD_IRQHandler
 .text.HAL_PWR_PVDCallback
                0x000000000800b470        0xa Drivers/STM32L0xx_HAL_Driver/Src/stm32l0xx_hal_pwr.o
                0x000000000800b470                HAL_PWR_PVDCallback
 *fill*         0x000000000800b47a        0x2 
 .text.HAL_RCC_OscConfig
                0x000000000800b47c      0x7a0 Drivers/STM32L0xx_HAL_Driver/Src/stm32l0xx_hal_rcc.o
                0x000000000800b47c                HAL_RCC_OscConfig
 .text.HAL_RCC_ClockConfig
                0x000000000800bc1c      0x254 Drivers/STM32L0xx_HAL_Driver/Src/stm32l0xx_hal_rcc.o
                0x000000000800bc1c                HAL_RCC_ClockConfig
 .text.HAL_RCC_GetSysClockFreq
                0x000000000800be70      0x108 Drivers/STM32L0xx_HAL_Driver/Src/stm32l0xx_hal_rcc.o
                0x000000000800be70                HAL_RCC_GetSysClockFreq
 .text.HAL_RCC_GetHCLKFreq
                0x000000000800bf78       0x14 Drivers/STM32L0xx_HAL_Driver/Src/stm32l0xx_hal_rcc.o
                0x000000000800bf78                HAL_RCC_GetHCLKFreq
 .text.HAL_RCC_GetPCLK1Freq
                0x000000000800bf8c       0x2c Drivers/STM32L0xx_HAL_Driver/Src/stm32l0xx_hal_rcc.o
                0x000000000800bf8c                HAL_RCC_GetPCLK1Freq
 .text.HAL_RCC_GetPCLK2Freq
                0x000000000800bfb8       0x2c Drivers/STM32L0xx_HAL_Driver/Src/stm32l0xx_hal_rcc.o
                0x000000000800bfb8                HAL_RCC_GetPCLK2Freq
 .text.HAL_RCCEx_PeriphCLKConfig
                0x000000000800bfe4      0x2e8 Drivers/STM32L0xx_HAL_Driver/Src/stm32l0xx_hal_rcc_ex.o
                0x000000000800bfe4                HAL_RCCEx_PeriphCLKConfig
 .text.HAL_SPI_Init
                0x000000000800c2cc       0xd4 Drivers/STM32L0xx_HAL_Driver/Src/stm32l0xx_hal_spi.o
                0x000000000800c2cc                HAL_SPI_Init
 .text.HAL_SPI_TransmitReceive
                0x000000000800c3a0      0x378 Drivers/STM32L0xx_HAL_Driver/Src/stm32l0xx_hal_spi.o
                0x000000000800c3a0                HAL_SPI_TransmitReceive
 .text.SPI_WaitFlagStateUntilTimeout
                0x000000000800c718       0xe0 Drivers/STM32L0xx_HAL_Driver/Src/stm32l0xx_hal_spi.o
 .text.SPI_EndRxTxTransaction
                0x000000000800c7f8       0x7a Drivers/STM32L0xx_HAL_Driver/Src/stm32l0xx_hal_spi.o
 *fill*         0x000000000800c872        0x2 
 .text.__errno  0x000000000800c874        0xc e:/st/stm32cubeide_1.1.0/stm32cubeide/plugins/com.st.stm32cube.ide.mcu.externaltools.gnu-tools-for-stm32.7-2018-q2-update.win32_1.0.0.201904181610/tools/bin/../lib/gcc/arm-none-eabi/7.3.1/../../../../arm-none-eabi/lib/thumb/v6-m\libc_nano.a(lib_a-errno.o)
                0x000000000800c874                __errno
 .text.__libc_init_array
                0x000000000800c880       0x48 e:/st/stm32cubeide_1.1.0/stm32cubeide/plugins/com.st.stm32cube.ide.mcu.externaltools.gnu-tools-for-stm32.7-2018-q2-update.win32_1.0.0.201904181610/tools/bin/../lib/gcc/arm-none-eabi/7.3.1/../../../../arm-none-eabi/lib/thumb/v6-m\libc_nano.a(lib_a-init.o)
                0x000000000800c880                __libc_init_array
 .text.memcpy   0x000000000800c8c8       0x12 e:/st/stm32cubeide_1.1.0/stm32cubeide/plugins/com.st.stm32cube.ide.mcu.externaltools.gnu-tools-for-stm32.7-2018-q2-update.win32_1.0.0.201904181610/tools/bin/../lib/gcc/arm-none-eabi/7.3.1/../../../../arm-none-eabi/lib/thumb/v6-m\libc_nano.a(lib_a-memcpy-stub.o)
                0x000000000800c8c8                memcpy
 .text.memset   0x000000000800c8da       0x10 e:/st/stm32cubeide_1.1.0/stm32cubeide/plugins/com.st.stm32cube.ide.mcu.externaltools.gnu-tools-for-stm32.7-2018-q2-update.win32_1.0.0.201904181610/tools/bin/../lib/gcc/arm-none-eabi/7.3.1/../../../../arm-none-eabi/lib/thumb/v6-m\libc_nano.a(lib_a-memset.o)
                0x000000000800c8da                memset
 *fill*         0x000000000800c8ea        0x2 
 .text.printf   0x000000000800c8ec       0x34 e:/st/stm32cubeide_1.1.0/stm32cubeide/plugins/com.st.stm32cube.ide.mcu.externaltools.gnu-tools-for-stm32.7-2018-q2-update.win32_1.0.0.201904181610/tools/bin/../lib/gcc/arm-none-eabi/7.3.1/../../../../arm-none-eabi/lib/thumb/v6-m\libc_nano.a(lib_a-printf.o)
                0x000000000800c8ec                iprintf
                0x000000000800c8ec                printf
 .text._puts_r  0x000000000800c920       0xc0 e:/st/stm32cubeide_1.1.0/stm32cubeide/plugins/com.st.stm32cube.ide.mcu.externaltools.gnu-tools-for-stm32.7-2018-q2-update.win32_1.0.0.201904181610/tools/bin/../lib/gcc/arm-none-eabi/7.3.1/../../../../arm-none-eabi/lib/thumb/v6-m\libc_nano.a(lib_a-puts.o)
                0x000000000800c920                _puts_r
 .text.puts     0x000000000800c9e0       0x14 e:/st/stm32cubeide_1.1.0/stm32cubeide/plugins/com.st.stm32cube.ide.mcu.externaltools.gnu-tools-for-stm32.7-2018-q2-update.win32_1.0.0.201904181610/tools/bin/../lib/gcc/arm-none-eabi/7.3.1/../../../../arm-none-eabi/lib/thumb/v6-m\libc_nano.a(lib_a-puts.o)
                0x000000000800c9e0                puts
 .text.srand    0x000000000800c9f4       0x48 e:/st/stm32cubeide_1.1.0/stm32cubeide/plugins/com.st.stm32cube.ide.mcu.externaltools.gnu-tools-for-stm32.7-2018-q2-update.win32_1.0.0.201904181610/tools/bin/../lib/gcc/arm-none-eabi/7.3.1/../../../../arm-none-eabi/lib/thumb/v6-m\libc_nano.a(lib_a-rand.o)
                0x000000000800c9f4                srand
 .text.rand     0x000000000800ca3c       0x64 e:/st/stm32cubeide_1.1.0/stm32cubeide/plugins/com.st.stm32cube.ide.mcu.externaltools.gnu-tools-for-stm32.7-2018-q2-update.win32_1.0.0.201904181610/tools/bin/../lib/gcc/arm-none-eabi/7.3.1/../../../../arm-none-eabi/lib/thumb/v6-m\libc_nano.a(lib_a-rand.o)
                0x000000000800ca3c                rand
 .text.__swbuf_r
                0x000000000800caa0       0xac e:/st/stm32cubeide_1.1.0/stm32cubeide/plugins/com.st.stm32cube.ide.mcu.externaltools.gnu-tools-for-stm32.7-2018-q2-update.win32_1.0.0.201904181610/tools/bin/../lib/gcc/arm-none-eabi/7.3.1/../../../../arm-none-eabi/lib/thumb/v6-m\libc_nano.a(lib_a-wbuf.o)
                0x000000000800caa0                __swbuf_r
 .text.__swsetup_r
                0x000000000800cb4c       0xec e:/st/stm32cubeide_1.1.0/stm32cubeide/plugins/com.st.stm32cube.ide.mcu.externaltools.gnu-tools-for-stm32.7-2018-q2-update.win32_1.0.0.201904181610/tools/bin/../lib/gcc/arm-none-eabi/7.3.1/../../../../arm-none-eabi/lib/thumb/v6-m\libc_nano.a(lib_a-wsetup.o)
                0x000000000800cb4c                __swsetup_r
 .text.__sflush_r
                0x000000000800cc38      0x114 e:/st/stm32cubeide_1.1.0/stm32cubeide/plugins/com.st.stm32cube.ide.mcu.externaltools.gnu-tools-for-stm32.7-2018-q2-update.win32_1.0.0.201904181610/tools/bin/../lib/gcc/arm-none-eabi/7.3.1/../../../../arm-none-eabi/lib/thumb/v6-m\libc_nano.a(lib_a-fflush.o)
                0x000000000800cc38                __sflush_r
 .text._fflush_r
                0x000000000800cd4c       0x58 e:/st/stm32cubeide_1.1.0/stm32cubeide/plugins/com.st.stm32cube.ide.mcu.externaltools.gnu-tools-for-stm32.7-2018-q2-update.win32_1.0.0.201904181610/tools/bin/../lib/gcc/arm-none-eabi/7.3.1/../../../../arm-none-eabi/lib/thumb/v6-m\libc_nano.a(lib_a-fflush.o)
                0x000000000800cd4c                _fflush_r
 .text.std      0x000000000800cda4       0x48 e:/st/stm32cubeide_1.1.0/stm32cubeide/plugins/com.st.stm32cube.ide.mcu.externaltools.gnu-tools-for-stm32.7-2018-q2-update.win32_1.0.0.201904181610/tools/bin/../lib/gcc/arm-none-eabi/7.3.1/../../../../arm-none-eabi/lib/thumb/v6-m\libc_nano.a(lib_a-findfp.o)
 .text._cleanup_r
                0x000000000800cdec       0x10 e:/st/stm32cubeide_1.1.0/stm32cubeide/plugins/com.st.stm32cube.ide.mcu.externaltools.gnu-tools-for-stm32.7-2018-q2-update.win32_1.0.0.201904181610/tools/bin/../lib/gcc/arm-none-eabi/7.3.1/../../../../arm-none-eabi/lib/thumb/v6-m\libc_nano.a(lib_a-findfp.o)
                0x000000000800cdec                _cleanup_r
 .text.__sfmoreglue
                0x000000000800cdfc       0x2c e:/st/stm32cubeide_1.1.0/stm32cubeide/plugins/com.st.stm32cube.ide.mcu.externaltools.gnu-tools-for-stm32.7-2018-q2-update.win32_1.0.0.201904181610/tools/bin/../lib/gcc/arm-none-eabi/7.3.1/../../../../arm-none-eabi/lib/thumb/v6-m\libc_nano.a(lib_a-findfp.o)
                0x000000000800cdfc                __sfmoreglue
 .text.__sinit  0x000000000800ce28       0x68 e:/st/stm32cubeide_1.1.0/stm32cubeide/plugins/com.st.stm32cube.ide.mcu.externaltools.gnu-tools-for-stm32.7-2018-q2-update.win32_1.0.0.201904181610/tools/bin/../lib/gcc/arm-none-eabi/7.3.1/../../../../arm-none-eabi/lib/thumb/v6-m\libc_nano.a(lib_a-findfp.o)
                0x000000000800ce28                __sinit
 .text.__sfp    0x000000000800ce90       0x7c e:/st/stm32cubeide_1.1.0/stm32cubeide/plugins/com.st.stm32cube.ide.mcu.externaltools.gnu-tools-for-stm32.7-2018-q2-update.win32_1.0.0.201904181610/tools/bin/../lib/gcc/arm-none-eabi/7.3.1/../../../../arm-none-eabi/lib/thumb/v6-m\libc_nano.a(lib_a-findfp.o)
                0x000000000800ce90                __sfp
 .text._fwalk_reent
                0x000000000800cf0c       0x42 e:/st/stm32cubeide_1.1.0/stm32cubeide/plugins/com.st.stm32cube.ide.mcu.externaltools.gnu-tools-for-stm32.7-2018-q2-update.win32_1.0.0.201904181610/tools/bin/../lib/gcc/arm-none-eabi/7.3.1/../../../../arm-none-eabi/lib/thumb/v6-m\libc_nano.a(lib_a-fwalk.o)
                0x000000000800cf0c                _fwalk_reent
 *fill*         0x000000000800cf4e        0x2 
 .text.__swhatbuf_r
                0x000000000800cf50       0x50 e:/st/stm32cubeide_1.1.0/stm32cubeide/plugins/com.st.stm32cube.ide.mcu.externaltools.gnu-tools-for-stm32.7-2018-q2-update.win32_1.0.0.201904181610/tools/bin/../lib/gcc/arm-none-eabi/7.3.1/../../../../arm-none-eabi/lib/thumb/v6-m\libc_nano.a(lib_a-makebuf.o)
                0x000000000800cf50                __swhatbuf_r
 .text.__smakebuf_r
                0x000000000800cfa0       0x88 e:/st/stm32cubeide_1.1.0/stm32cubeide/plugins/com.st.stm32cube.ide.mcu.externaltools.gnu-tools-for-stm32.7-2018-q2-update.win32_1.0.0.201904181610/tools/bin/../lib/gcc/arm-none-eabi/7.3.1/../../../../arm-none-eabi/lib/thumb/v6-m\libc_nano.a(lib_a-makebuf.o)
                0x000000000800cfa0                __smakebuf_r
 .text.malloc   0x000000000800d028       0x14 e:/st/stm32cubeide_1.1.0/stm32cubeide/plugins/com.st.stm32cube.ide.mcu.externaltools.gnu-tools-for-stm32.7-2018-q2-update.win32_1.0.0.201904181610/tools/bin/../lib/gcc/arm-none-eabi/7.3.1/../../../../arm-none-eabi/lib/thumb/v6-m\libc_nano.a(lib_a-malloc.o)
                0x000000000800d028                malloc
 .text._free_r  0x000000000800d03c       0x94 e:/st/stm32cubeide_1.1.0/stm32cubeide/plugins/com.st.stm32cube.ide.mcu.externaltools.gnu-tools-for-stm32.7-2018-q2-update.win32_1.0.0.201904181610/tools/bin/../lib/gcc/arm-none-eabi/7.3.1/../../../../arm-none-eabi/lib/thumb/v6-m\libc_nano.a(lib_a-nano-freer.o)
                0x000000000800d03c                _free_r
 .text._malloc_r
                0x000000000800d0d0       0xbc e:/st/stm32cubeide_1.1.0/stm32cubeide/plugins/com.st.stm32cube.ide.mcu.externaltools.gnu-tools-for-stm32.7-2018-q2-update.win32_1.0.0.201904181610/tools/bin/../lib/gcc/arm-none-eabi/7.3.1/../../../../arm-none-eabi/lib/thumb/v6-m\libc_nano.a(lib_a-nano-mallocr.o)
                0x000000000800d0d0                _malloc_r
 .text.__sfputc_r
                0x000000000800d18c       0x2a e:/st/stm32cubeide_1.1.0/stm32cubeide/plugins/com.st.stm32cube.ide.mcu.externaltools.gnu-tools-for-stm32.7-2018-q2-update.win32_1.0.0.201904181610/tools/bin/../lib/gcc/arm-none-eabi/7.3.1/../../../../arm-none-eabi/lib/thumb/v6-m\libc_nano.a(lib_a-nano-vfprintf.o)
 .text.__sfputs_r
                0x000000000800d1b6       0x24 e:/st/stm32cubeide_1.1.0/stm32cubeide/plugins/com.st.stm32cube.ide.mcu.externaltools.gnu-tools-for-stm32.7-2018-q2-update.win32_1.0.0.201904181610/tools/bin/../lib/gcc/arm-none-eabi/7.3.1/../../../../arm-none-eabi/lib/thumb/v6-m\libc_nano.a(lib_a-nano-vfprintf.o)
                0x000000000800d1b6                __sfputs_r
 *fill*         0x000000000800d1da        0x2 
 .text._vfprintf_r
                0x000000000800d1dc      0x22c e:/st/stm32cubeide_1.1.0/stm32cubeide/plugins/com.st.stm32cube.ide.mcu.externaltools.gnu-tools-for-stm32.7-2018-q2-update.win32_1.0.0.201904181610/tools/bin/../lib/gcc/arm-none-eabi/7.3.1/../../../../arm-none-eabi/lib/thumb/v6-m\libc_nano.a(lib_a-nano-vfprintf.o)
                0x000000000800d1dc                _vfprintf_r
                0x000000000800d1dc                _vfiprintf_r
 .text._printf_common
                0x000000000800d408       0xda e:/st/stm32cubeide_1.1.0/stm32cubeide/plugins/com.st.stm32cube.ide.mcu.externaltools.gnu-tools-for-stm32.7-2018-q2-update.win32_1.0.0.201904181610/tools/bin/../lib/gcc/arm-none-eabi/7.3.1/../../../../arm-none-eabi/lib/thumb/v6-m\libc_nano.a(lib_a-nano-vfprintf_i.o)
                0x000000000800d408                _printf_common
 *fill*         0x000000000800d4e2        0x2 
 .text._printf_i
                0x000000000800d4e4      0x210 e:/st/stm32cubeide_1.1.0/stm32cubeide/plugins/com.st.stm32cube.ide.mcu.externaltools.gnu-tools-for-stm32.7-2018-q2-update.win32_1.0.0.201904181610/tools/bin/../lib/gcc/arm-none-eabi/7.3.1/../../../../arm-none-eabi/lib/thumb/v6-m\libc_nano.a(lib_a-nano-vfprintf_i.o)
                0x000000000800d4e4                _printf_i
 .text._sbrk_r  0x000000000800d6f4       0x24 e:/st/stm32cubeide_1.1.0/stm32cubeide/plugins/com.st.stm32cube.ide.mcu.externaltools.gnu-tools-for-stm32.7-2018-q2-update.win32_1.0.0.201904181610/tools/bin/../lib/gcc/arm-none-eabi/7.3.1/../../../../arm-none-eabi/lib/thumb/v6-m\libc_nano.a(lib_a-sbrkr.o)
                0x000000000800d6f4                _sbrk_r
 .text.__sread  0x000000000800d718       0x28 e:/st/stm32cubeide_1.1.0/stm32cubeide/plugins/com.st.stm32cube.ide.mcu.externaltools.gnu-tools-for-stm32.7-2018-q2-update.win32_1.0.0.201904181610/tools/bin/../lib/gcc/arm-none-eabi/7.3.1/../../../../arm-none-eabi/lib/thumb/v6-m\libc_nano.a(lib_a-stdio.o)
                0x000000000800d718                __sread
 .text.__swrite
                0x000000000800d740       0x38 e:/st/stm32cubeide_1.1.0/stm32cubeide/plugins/com.st.stm32cube.ide.mcu.externaltools.gnu-tools-for-stm32.7-2018-q2-update.win32_1.0.0.201904181610/tools/bin/../lib/gcc/arm-none-eabi/7.3.1/../../../../arm-none-eabi/lib/thumb/v6-m\libc_nano.a(lib_a-stdio.o)
                0x000000000800d740                __swrite
 .text.__sseek  0x000000000800d778       0x2c e:/st/stm32cubeide_1.1.0/stm32cubeide/plugins/com.st.stm32cube.ide.mcu.externaltools.gnu-tools-for-stm32.7-2018-q2-update.win32_1.0.0.201904181610/tools/bin/../lib/gcc/arm-none-eabi/7.3.1/../../../../arm-none-eabi/lib/thumb/v6-m\libc_nano.a(lib_a-stdio.o)
                0x000000000800d778                __sseek
 .text.__sclose
                0x000000000800d7a4        0xc e:/st/stm32cubeide_1.1.0/stm32cubeide/plugins/com.st.stm32cube.ide.mcu.externaltools.gnu-tools-for-stm32.7-2018-q2-update.win32_1.0.0.201904181610/tools/bin/../lib/gcc/arm-none-eabi/7.3.1/../../../../arm-none-eabi/lib/thumb/v6-m\libc_nano.a(lib_a-stdio.o)
                0x000000000800d7a4                __sclose
 .text._write_r
                0x000000000800d7b0       0x28 e:/st/stm32cubeide_1.1.0/stm32cubeide/plugins/com.st.stm32cube.ide.mcu.externaltools.gnu-tools-for-stm32.7-2018-q2-update.win32_1.0.0.201904181610/tools/bin/../lib/gcc/arm-none-eabi/7.3.1/../../../../arm-none-eabi/lib/thumb/v6-m\libc_nano.a(lib_a-writer.o)
                0x000000000800d7b0                _write_r
 .text._close_r
                0x000000000800d7d8       0x24 e:/st/stm32cubeide_1.1.0/stm32cubeide/plugins/com.st.stm32cube.ide.mcu.externaltools.gnu-tools-for-stm32.7-2018-q2-update.win32_1.0.0.201904181610/tools/bin/../lib/gcc/arm-none-eabi/7.3.1/../../../../arm-none-eabi/lib/thumb/v6-m\libc_nano.a(lib_a-closer.o)
                0x000000000800d7d8                _close_r
 .text._fstat_r
                0x000000000800d7fc       0x24 e:/st/stm32cubeide_1.1.0/stm32cubeide/plugins/com.st.stm32cube.ide.mcu.externaltools.gnu-tools-for-stm32.7-2018-q2-update.win32_1.0.0.201904181610/tools/bin/../lib/gcc/arm-none-eabi/7.3.1/../../../../arm-none-eabi/lib/thumb/v6-m\libc_nano.a(lib_a-fstatr.o)
                0x000000000800d7fc                _fstat_r
 .text._isatty_r
                0x000000000800d820       0x24 e:/st/stm32cubeide_1.1.0/stm32cubeide/plugins/com.st.stm32cube.ide.mcu.externaltools.gnu-tools-for-stm32.7-2018-q2-update.win32_1.0.0.201904181610/tools/bin/../lib/gcc/arm-none-eabi/7.3.1/../../../../arm-none-eabi/lib/thumb/v6-m\libc_nano.a(lib_a-isattyr.o)
                0x000000000800d820                _isatty_r
 .text._lseek_r
                0x000000000800d844       0x28 e:/st/stm32cubeide_1.1.0/stm32cubeide/plugins/com.st.stm32cube.ide.mcu.externaltools.gnu-tools-for-stm32.7-2018-q2-update.win32_1.0.0.201904181610/tools/bin/../lib/gcc/arm-none-eabi/7.3.1/../../../../arm-none-eabi/lib/thumb/v6-m\libc_nano.a(lib_a-lseekr.o)
                0x000000000800d844                _lseek_r
 .text.memchr   0x000000000800d86c       0x16 e:/st/stm32cubeide_1.1.0/stm32cubeide/plugins/com.st.stm32cube.ide.mcu.externaltools.gnu-tools-for-stm32.7-2018-q2-update.win32_1.0.0.201904181610/tools/bin/../lib/gcc/arm-none-eabi/7.3.1/../../../../arm-none-eabi/lib/thumb/v6-m\libc_nano.a(lib_a-memchr-stub.o)
                0x000000000800d86c                memchr
 .text.__malloc_lock
                0x000000000800d882        0x2 e:/st/stm32cubeide_1.1.0/stm32cubeide/plugins/com.st.stm32cube.ide.mcu.externaltools.gnu-tools-for-stm32.7-2018-q2-update.win32_1.0.0.201904181610/tools/bin/../lib/gcc/arm-none-eabi/7.3.1/../../../../arm-none-eabi/lib/thumb/v6-m\libc_nano.a(lib_a-mlock.o)
                0x000000000800d882                __malloc_lock
 .text.__malloc_unlock
                0x000000000800d884        0x2 e:/st/stm32cubeide_1.1.0/stm32cubeide/plugins/com.st.stm32cube.ide.mcu.externaltools.gnu-tools-for-stm32.7-2018-q2-update.win32_1.0.0.201904181610/tools/bin/../lib/gcc/arm-none-eabi/7.3.1/../../../../arm-none-eabi/lib/thumb/v6-m\libc_nano.a(lib_a-mlock.o)
                0x000000000800d884                __malloc_unlock
 *fill*         0x000000000800d886        0x2 
 .text._read_r  0x000000000800d888       0x28 e:/st/stm32cubeide_1.1.0/stm32cubeide/plugins/com.st.stm32cube.ide.mcu.externaltools.gnu-tools-for-stm32.7-2018-q2-update.win32_1.0.0.201904181610/tools/bin/../lib/gcc/arm-none-eabi/7.3.1/../../../../arm-none-eabi/lib/thumb/v6-m\libc_nano.a(lib_a-readr.o)
                0x000000000800d888                _read_r
 *(.glue_7)
 .glue_7        0x000000000800d8b0        0x0 linker stubs
 *(.glue_7t)
 .glue_7t       0x000000000800d8b0        0x0 linker stubs
 *(.eh_frame)
 .eh_frame      0x000000000800d8b0        0x0 e:/st/stm32cubeide_1.1.0/stm32cubeide/plugins/com.st.stm32cube.ide.mcu.externaltools.gnu-tools-for-stm32.7-2018-q2-update.win32_1.0.0.201904181610/tools/bin/../lib/gcc/arm-none-eabi/7.3.1/thumb/v6-m/crtbegin.o
 *(.init)
 .init          0x000000000800d8b0        0x4 e:/st/stm32cubeide_1.1.0/stm32cubeide/plugins/com.st.stm32cube.ide.mcu.externaltools.gnu-tools-for-stm32.7-2018-q2-update.win32_1.0.0.201904181610/tools/bin/../lib/gcc/arm-none-eabi/7.3.1/thumb/v6-m/crti.o
                0x000000000800d8b0                _init
 .init          0x000000000800d8b4        0x8 e:/st/stm32cubeide_1.1.0/stm32cubeide/plugins/com.st.stm32cube.ide.mcu.externaltools.gnu-tools-for-stm32.7-2018-q2-update.win32_1.0.0.201904181610/tools/bin/../lib/gcc/arm-none-eabi/7.3.1/thumb/v6-m/crtn.o
 *(.fini)
 .fini          0x000000000800d8bc        0x4 e:/st/stm32cubeide_1.1.0/stm32cubeide/plugins/com.st.stm32cube.ide.mcu.externaltools.gnu-tools-for-stm32.7-2018-q2-update.win32_1.0.0.201904181610/tools/bin/../lib/gcc/arm-none-eabi/7.3.1/thumb/v6-m/crti.o
                0x000000000800d8bc                _fini
 .fini          0x000000000800d8c0        0x8 e:/st/stm32cubeide_1.1.0/stm32cubeide/plugins/com.st.stm32cube.ide.mcu.externaltools.gnu-tools-for-stm32.7-2018-q2-update.win32_1.0.0.201904181610/tools/bin/../lib/gcc/arm-none-eabi/7.3.1/thumb/v6-m/crtn.o
                0x000000000800d8c8                . = ALIGN (0x4)
                0x000000000800d8c8                _etext = .

.vfp11_veneer   0x000000000800d8c8        0x0
 .vfp11_veneer  0x000000000800d8c8        0x0 linker stubs

.v4_bx          0x000000000800d8c8        0x0
 .v4_bx         0x000000000800d8c8        0x0 linker stubs

.iplt           0x000000000800d8c8        0x0
 .iplt          0x000000000800d8c8        0x0 e:/st/stm32cubeide_1.1.0/stm32cubeide/plugins/com.st.stm32cube.ide.mcu.externaltools.gnu-tools-for-stm32.7-2018-q2-update.win32_1.0.0.201904181610/tools/bin/../lib/gcc/arm-none-eabi/7.3.1/thumb/v6-m/crtbegin.o

.rodata         0x000000000800d8c8      0xea0
                0x000000000800d8c8                . = ALIGN (0x4)
 *(.rodata)
 .rodata        0x000000000800d8c8      0x79c Core/Src/LDL_source/ldl_mac.o
 .rodata        0x000000000800e064       0x82 Core/Src/LDL_source/ldl_ops.o
 *fill*         0x000000000800e0e6        0x2 
 .rodata        0x000000000800e0e8       0x2f Core/Src/LDL_source/ldl_region.o
 *fill*         0x000000000800e117        0x1 
 .rodata        0x000000000800e118      0x212 Core/Src/main.o
 *(.rodata*)
 *fill*         0x000000000800e32a        0x2 
 .rodata.__func__.6974
                0x000000000800e32c        0xb Core/Inc/Debug/debug.o
 *fill*         0x000000000800e337        0x1 
 .rodata.UART_SetConfig
                0x000000000800e338       0x48 Core/Inc/Debug/stm32l0xx_hal_uart.o
 .rodata.sbox   0x000000000800e380      0x100 Core/Src/LDL_source/ldl_aes.o
 .rodata.rcon.7262
                0x000000000800e480        0xb Core/Src/LDL_source/ldl_aes.o
 *fill*         0x000000000800e48b        0x1 
 .rodata.getFrameType
                0x000000000800e48c       0x1c Core/Src/LDL_source/ldl_frame.o
 .rodata.LDL_MAC_process
                0x000000000800e4a8       0x3c Core/Src/LDL_source/ldl_mac.o
 .rodata.processCommands
                0x000000000800e4e4       0x38 Core/Src/LDL_source/ldl_mac.o
 .rodata.tags   0x000000000800e51c       0x1c Core/Src/LDL_source/ldl_mac_commands.o
 .rodata.LDL_MAC_getDownCommand
                0x000000000800e538       0x38 Core/Src/LDL_source/ldl_mac_commands.o
 .rodata.LDL_Radio_minSNR
                0x000000000800e570       0x14 Core/Src/LDL_source/ldl_radio.o
 .rodata.sfSetting
                0x000000000800e584       0x14 Core/Src/LDL_source/ldl_radio.o
 .rodata.LDL_Region_convertRate
                0x000000000800e598       0x1c Core/Src/LDL_source/ldl_region.o
 .rodata.LDL_Region_getOffTimeFactor
                0x000000000800e5b4       0x14 Core/Src/LDL_source/ldl_region.o
 .rodata.rates.8054
                0x000000000800e5c8       0x30 Core/Src/LDL_source/ldl_region.o
 .rodata.device_eui
                0x000000000800e5f8        0x8 Core/Src/main.o
                0x000000000800e5f8                device_eui
 .rodata.application_eui
                0x000000000800e600        0x8 Core/Src/main.o
                0x000000000800e600                application_eui
 .rodata.application_key
                0x000000000800e608       0x10 Core/Src/main.o
                0x000000000800e608                application_key
 .rodata.nwk_key_ptr
                0x000000000800e618       0x10 Core/Src/main.o
                0x000000000800e618                nwk_key_ptr
 .rodata.app_handler
                0x000000000800e628       0x40 Core/Src/main.o
 .rodata.__func__.8413
                0x000000000800e668       0x13 Core/Src/main.o
 *fill*         0x000000000800e67b        0x1 
 .rodata.__func__.8417
                0x000000000800e67c        0xd Core/Src/main.o
 *fill*         0x000000000800e689        0x3 
 .rodata.__func__.8421
                0x000000000800e68c        0xf Core/Src/main.o
 *fill*         0x000000000800e69b        0x1 
 .rodata.__func__.8425
                0x000000000800e69c        0xd Core/Src/main.o
 *fill*         0x000000000800e6a9        0x3 
 .rodata.AHBPrescTable
                0x000000000800e6ac       0x10 Core/Src/system_stm32l0xx.o
                0x000000000800e6ac                AHBPrescTable
 .rodata.APBPrescTable
                0x000000000800e6bc        0x8 Core/Src/system_stm32l0xx.o
                0x000000000800e6bc                APBPrescTable
 .rodata.PLLMulTable
                0x000000000800e6c4        0x9 Core/Src/system_stm32l0xx.o
                0x000000000800e6c4                PLLMulTable
 *fill*         0x000000000800e6cd        0x3 
 .rodata._global_impure_ptr
                0x000000000800e6d0        0x4 e:/st/stm32cubeide_1.1.0/stm32cubeide/plugins/com.st.stm32cube.ide.mcu.externaltools.gnu-tools-for-stm32.7-2018-q2-update.win32_1.0.0.201904181610/tools/bin/../lib/gcc/arm-none-eabi/7.3.1/../../../../arm-none-eabi/lib/thumb/v6-m\libc_nano.a(lib_a-impure.o)
                0x000000000800e6d0                _global_impure_ptr
 .rodata.__sf_fake_stderr
                0x000000000800e6d4       0x20 e:/st/stm32cubeide_1.1.0/stm32cubeide/plugins/com.st.stm32cube.ide.mcu.externaltools.gnu-tools-for-stm32.7-2018-q2-update.win32_1.0.0.201904181610/tools/bin/../lib/gcc/arm-none-eabi/7.3.1/../../../../arm-none-eabi/lib/thumb/v6-m\libc_nano.a(lib_a-findfp.o)
                0x000000000800e6d4                __sf_fake_stderr
 .rodata.__sf_fake_stdin
                0x000000000800e6f4       0x20 e:/st/stm32cubeide_1.1.0/stm32cubeide/plugins/com.st.stm32cube.ide.mcu.externaltools.gnu-tools-for-stm32.7-2018-q2-update.win32_1.0.0.201904181610/tools/bin/../lib/gcc/arm-none-eabi/7.3.1/../../../../arm-none-eabi/lib/thumb/v6-m\libc_nano.a(lib_a-findfp.o)
                0x000000000800e6f4                __sf_fake_stdin
 .rodata.__sf_fake_stdout
                0x000000000800e714       0x20 e:/st/stm32cubeide_1.1.0/stm32cubeide/plugins/com.st.stm32cube.ide.mcu.externaltools.gnu-tools-for-stm32.7-2018-q2-update.win32_1.0.0.201904181610/tools/bin/../lib/gcc/arm-none-eabi/7.3.1/../../../../arm-none-eabi/lib/thumb/v6-m\libc_nano.a(lib_a-findfp.o)
                0x000000000800e714                __sf_fake_stdout
 .rodata._vfprintf_r.str1.1
                0x000000000800e734       0x11 e:/st/stm32cubeide_1.1.0/stm32cubeide/plugins/com.st.stm32cube.ide.mcu.externaltools.gnu-tools-for-stm32.7-2018-q2-update.win32_1.0.0.201904181610/tools/bin/../lib/gcc/arm-none-eabi/7.3.1/../../../../arm-none-eabi/lib/thumb/v6-m\libc_nano.a(lib_a-nano-vfprintf.o)
 .rodata._printf_i.str1.1
                0x000000000800e745       0x22 e:/st/stm32cubeide_1.1.0/stm32cubeide/plugins/com.st.stm32cube.ide.mcu.externaltools.gnu-tools-for-stm32.7-2018-q2-update.win32_1.0.0.201904181610/tools/bin/../lib/gcc/arm-none-eabi/7.3.1/../../../../arm-none-eabi/lib/thumb/v6-m\libc_nano.a(lib_a-nano-vfprintf_i.o)
                0x000000000800e768                . = ALIGN (0x4)
 *fill*         0x000000000800e767        0x1 

.ARM.extab      0x000000000800e768        0x0
                0x000000000800e768                . = ALIGN (0x4)
 *(.ARM.extab* .gnu.linkonce.armextab.*)
                0x000000000800e768                . = ALIGN (0x4)

.ARM            0x000000000800e768        0x8
                0x000000000800e768                . = ALIGN (0x4)
                0x000000000800e768                __exidx_start = .
 *(.ARM.exidx*)
 .ARM.exidx     0x000000000800e768        0x8 e:/st/stm32cubeide_1.1.0/stm32cubeide/plugins/com.st.stm32cube.ide.mcu.externaltools.gnu-tools-for-stm32.7-2018-q2-update.win32_1.0.0.201904181610/tools/bin/../lib/gcc/arm-none-eabi/7.3.1/thumb/v6-m\libgcc.a(_udivmoddi4.o)
                0x000000000800e770                __exidx_end = .
                0x000000000800e770                . = ALIGN (0x4)

.rel.dyn        0x000000000800e770        0x0
 .rel.iplt      0x000000000800e770        0x0 e:/st/stm32cubeide_1.1.0/stm32cubeide/plugins/com.st.stm32cube.ide.mcu.externaltools.gnu-tools-for-stm32.7-2018-q2-update.win32_1.0.0.201904181610/tools/bin/../lib/gcc/arm-none-eabi/7.3.1/thumb/v6-m/crtbegin.o

.preinit_array  0x000000000800e770        0x0
                0x000000000800e770                . = ALIGN (0x4)
                0x000000000800e770                PROVIDE (__preinit_array_start = .)
 *(.preinit_array*)
                0x000000000800e770                PROVIDE (__preinit_array_end = .)
                0x000000000800e770                . = ALIGN (0x4)

.init_array     0x000000000800e770        0x4
                0x000000000800e770                . = ALIGN (0x4)
                0x000000000800e770                PROVIDE (__init_array_start = .)
 *(SORT_BY_NAME(.init_array.*))
 *(.init_array*)
 .init_array    0x000000000800e770        0x4 e:/st/stm32cubeide_1.1.0/stm32cubeide/plugins/com.st.stm32cube.ide.mcu.externaltools.gnu-tools-for-stm32.7-2018-q2-update.win32_1.0.0.201904181610/tools/bin/../lib/gcc/arm-none-eabi/7.3.1/thumb/v6-m/crtbegin.o
                0x000000000800e774                PROVIDE (__init_array_end = .)
                0x000000000800e774                . = ALIGN (0x4)

.fini_array     0x000000000800e774        0x4
                0x000000000800e774                . = ALIGN (0x4)
                [!provide]                        PROVIDE (__fini_array_start = .)
 *(SORT_BY_NAME(.fini_array.*))
 *(.fini_array*)
 .fini_array    0x000000000800e774        0x4 e:/st/stm32cubeide_1.1.0/stm32cubeide/plugins/com.st.stm32cube.ide.mcu.externaltools.gnu-tools-for-stm32.7-2018-q2-update.win32_1.0.0.201904181610/tools/bin/../lib/gcc/arm-none-eabi/7.3.1/thumb/v6-m/crtbegin.o
                [!provide]                        PROVIDE (__fini_array_end = .)
                0x000000000800e778                . = ALIGN (0x4)
                0x000000000800e778                _sidata = LOADADDR (.data)

.data           0x0000000020000000       0x68 load address 0x000000000800e778
                0x0000000020000000                . = ALIGN (0x4)
                0x0000000020000000                _sdata = .
 *(.data)
 *(.data*)
 .data.SystemCoreClock
                0x0000000020000000        0x4 Core/Src/system_stm32l0xx.o
                0x0000000020000000                SystemCoreClock
 .data._impure_ptr
                0x0000000020000004        0x4 e:/st/stm32cubeide_1.1.0/stm32cubeide/plugins/com.st.stm32cube.ide.mcu.externaltools.gnu-tools-for-stm32.7-2018-q2-update.win32_1.0.0.201904181610/tools/bin/../lib/gcc/arm-none-eabi/7.3.1/../../../../arm-none-eabi/lib/thumb/v6-m\libc_nano.a(lib_a-impure.o)
                0x0000000020000004                _impure_ptr
 .data.impure_data
                0x0000000020000008       0x60 e:/st/stm32cubeide_1.1.0/stm32cubeide/plugins/com.st.stm32cube.ide.mcu.externaltools.gnu-tools-for-stm32.7-2018-q2-update.win32_1.0.0.201904181610/tools/bin/../lib/gcc/arm-none-eabi/7.3.1/../../../../arm-none-eabi/lib/thumb/v6-m\libc_nano.a(lib_a-impure.o)
                0x0000000020000068                . = ALIGN (0x4)
                0x0000000020000068                _edata = .

.igot.plt       0x0000000020000068        0x0 load address 0x000000000800e7e0
 .igot.plt      0x0000000020000068        0x0 e:/st/stm32cubeide_1.1.0/stm32cubeide/plugins/com.st.stm32cube.ide.mcu.externaltools.gnu-tools-for-stm32.7-2018-q2-update.win32_1.0.0.201904181610/tools/bin/../lib/gcc/arm-none-eabi/7.3.1/thumb/v6-m/crtbegin.o
                0x0000000020000068                . = ALIGN (0x4)

.bss            0x0000000020000068      0x558 load address 0x000000000800e7e0
                0x0000000020000068                _sbss = .
                0x0000000020000068                __bss_start__ = _sbss
 *(.bss)
 .bss           0x0000000020000068       0x1c e:/st/stm32cubeide_1.1.0/stm32cubeide/plugins/com.st.stm32cube.ide.mcu.externaltools.gnu-tools-for-stm32.7-2018-q2-update.win32_1.0.0.201904181610/tools/bin/../lib/gcc/arm-none-eabi/7.3.1/thumb/v6-m/crtbegin.o
 *(.bss*)
 .bss.heap_end.5149
                0x0000000020000084        0x4 Core/Src/sysmem.o
 .bss.__malloc_free_list
                0x0000000020000088        0x4 e:/st/stm32cubeide_1.1.0/stm32cubeide/plugins/com.st.stm32cube.ide.mcu.externaltools.gnu-tools-for-stm32.7-2018-q2-update.win32_1.0.0.201904181610/tools/bin/../lib/gcc/arm-none-eabi/7.3.1/../../../../arm-none-eabi/lib/thumb/v6-m\libc_nano.a(lib_a-nano-mallocr.o)
                0x0000000020000088                __malloc_free_list
 .bss.__malloc_sbrk_start
                0x000000002000008c        0x4 e:/st/stm32cubeide_1.1.0/stm32cubeide/plugins/com.st.stm32cube.ide.mcu.externaltools.gnu-tools-for-stm32.7-2018-q2-update.win32_1.0.0.201904181610/tools/bin/../lib/gcc/arm-none-eabi/7.3.1/../../../../arm-none-eabi/lib/thumb/v6-m\libc_nano.a(lib_a-nano-mallocr.o)
                0x000000002000008c                __malloc_sbrk_start
 *(COMMON)
 COMMON         0x0000000020000090       0x80 Core/Inc/Debug/debug.o
                0x0000000020000090                UartHandle
 COMMON         0x0000000020000110      0x4a5 Core/Src/main.o
                0x0000000020000110                hi2c1
                0x000000002000015c                resetHspi1
                0x00000000200001b4                temp
                0x00000000200001b8                test1
                0x00000000200001bc                mac
                0x000000002000042c                Cycle1
                0x0000000020000430                restI2C
                0x000000002000047c                register_
                0x0000000020000490                radio
                0x00000000200004a0                hlptim1
                0x00000000200004d0                hspi1
                0x0000000020000528                sm
                0x00000000200005a8                Lpcounter
                0x00000000200005aa                status
                0x00000000200005ac                ENV
 *fill*         0x00000000200005b5        0x3 
 COMMON         0x00000000200005b8        0x4 Drivers/STM32L0xx_HAL_Driver/Src/stm32l0xx_hal.o
                0x00000000200005b8                uwTick
 COMMON         0x00000000200005bc        0x4 e:/st/stm32cubeide_1.1.0/stm32cubeide/plugins/com.st.stm32cube.ide.mcu.externaltools.gnu-tools-for-stm32.7-2018-q2-update.win32_1.0.0.201904181610/tools/bin/../lib/gcc/arm-none-eabi/7.3.1/../../../../arm-none-eabi/lib/thumb/v6-m\libc_nano.a(lib_a-reent.o)
                0x00000000200005bc                errno
                0x00000000200005c0                . = ALIGN (0x4)
                0x00000000200005c0                _ebss = .
                0x00000000200005c0                __bss_end__ = _ebss

._user_heap_stack
                0x00000000200005c0      0x600 load address 0x000000000800e7e0
                0x00000000200005c0                . = ALIGN (0x8)
                0x00000000200005c0                PROVIDE (end = .)
                [!provide]                        PROVIDE (_end = .)
                0x00000000200007c0                . = (. + _Min_Heap_Size)
 *fill*         0x00000000200005c0      0x200 
                0x0000000020000bc0                . = (. + _Min_Stack_Size)
 *fill*         0x00000000200007c0      0x400 
                0x0000000020000bc0                . = ALIGN (0x8)

/DISCARD/
 libc.a(*)
 libm.a(*)
 libgcc.a(*)

.ARM.attributes
                0x0000000000000000       0x28
 *(.ARM.attributes)
 .ARM.attributes
                0x0000000000000000       0x1e e:/st/stm32cubeide_1.1.0/stm32cubeide/plugins/com.st.stm32cube.ide.mcu.externaltools.gnu-tools-for-stm32.7-2018-q2-update.win32_1.0.0.201904181610/tools/bin/../lib/gcc/arm-none-eabi/7.3.1/thumb/v6-m/crti.o
 .ARM.attributes
                0x000000000000001e       0x2c e:/st/stm32cubeide_1.1.0/stm32cubeide/plugins/com.st.stm32cube.ide.mcu.externaltools.gnu-tools-for-stm32.7-2018-q2-update.win32_1.0.0.201904181610/tools/bin/../lib/gcc/arm-none-eabi/7.3.1/thumb/v6-m/crtbegin.o
 .ARM.attributes
                0x000000000000004a       0x32 Core/Inc/Debug/debug.o
 .ARM.attributes
                0x000000000000007c       0x32 Core/Inc/Debug/stm32l0xx_hal_uart.o
 .ARM.attributes
                0x00000000000000ae       0x32 Core/Src/LDL_source/ldl_aes.o
 .ARM.attributes
                0x00000000000000e0       0x32 Core/Src/LDL_source/ldl_cmac.o
 .ARM.attributes
                0x0000000000000112       0x32 Core/Src/LDL_source/ldl_ctr.o
 .ARM.attributes
                0x0000000000000144       0x32 Core/Src/LDL_source/ldl_frame.o
 .ARM.attributes
                0x0000000000000176       0x32 Core/Src/LDL_source/ldl_mac.o
 .ARM.attributes
                0x00000000000001a8       0x32 Core/Src/LDL_source/ldl_mac_commands.o
 .ARM.attributes
                0x00000000000001da       0x32 Core/Src/LDL_source/ldl_ops.o
 .ARM.attributes
                0x000000000000020c       0x32 Core/Src/LDL_source/ldl_radio.o
 .ARM.attributes
                0x000000000000023e       0x32 Core/Src/LDL_source/ldl_region.o
 .ARM.attributes
                0x0000000000000270       0x32 Core/Src/LDL_source/ldl_sm.o
 .ARM.attributes
                0x00000000000002a2       0x32 Core/Src/LDL_source/ldl_stream.o
 .ARM.attributes
                0x00000000000002d4       0x32 Core/Src/LDL_source/ldl_system.o
 .ARM.attributes
                0x0000000000000306       0x32 Core/Src/main.o
 .ARM.attributes
                0x0000000000000338       0x32 Core/Src/stm32l0xx_hal_msp.o
 .ARM.attributes
                0x000000000000036a       0x32 Core/Src/stm32l0xx_it.o
 .ARM.attributes
                0x000000000000039c       0x32 Core/Src/syscalls.o
 .ARM.attributes
                0x00000000000003ce       0x32 Core/Src/sysmem.o
 .ARM.attributes
                0x0000000000000400       0x32 Core/Src/system_stm32l0xx.o
 .ARM.attributes
                0x0000000000000432       0x22 Core/Startup/startup_stm32l073rztx.o
 .ARM.attributes
                0x0000000000000454       0x32 Drivers/STM32L0xx_HAL_Driver/Src/stm32l0xx_hal.o
 .ARM.attributes
                0x0000000000000486       0x32 Drivers/STM32L0xx_HAL_Driver/Src/stm32l0xx_hal_cortex.o
 .ARM.attributes
                0x00000000000004b8       0x32 Drivers/STM32L0xx_HAL_Driver/Src/stm32l0xx_hal_gpio.o
 .ARM.attributes
                0x00000000000004ea       0x32 Drivers/STM32L0xx_HAL_Driver/Src/stm32l0xx_hal_i2c.o
 .ARM.attributes
                0x000000000000051c       0x32 Drivers/STM32L0xx_HAL_Driver/Src/stm32l0xx_hal_i2c_ex.o
 .ARM.attributes
                0x000000000000054e       0x32 Drivers/STM32L0xx_HAL_Driver/Src/stm32l0xx_hal_lptim.o
 .ARM.attributes
                0x0000000000000580       0x32 Drivers/STM32L0xx_HAL_Driver/Src/stm32l0xx_hal_pwr.o
 .ARM.attributes
                0x00000000000005b2       0x32 Drivers/STM32L0xx_HAL_Driver/Src/stm32l0xx_hal_rcc.o
 .ARM.attributes
                0x00000000000005e4       0x32 Drivers/STM32L0xx_HAL_Driver/Src/stm32l0xx_hal_rcc_ex.o
 .ARM.attributes
                0x0000000000000616       0x32 Drivers/STM32L0xx_HAL_Driver/Src/stm32l0xx_hal_spi.o
 .ARM.attributes
                0x0000000000000648       0x2c e:/st/stm32cubeide_1.1.0/stm32cubeide/plugins/com.st.stm32cube.ide.mcu.externaltools.gnu-tools-for-stm32.7-2018-q2-update.win32_1.0.0.201904181610/tools/bin/../lib/gcc/arm-none-eabi/7.3.1/../../../../arm-none-eabi/lib/thumb/v6-m\libc_nano.a(lib_a-errno.o)
 .ARM.attributes
                0x0000000000000674       0x2c e:/st/stm32cubeide_1.1.0/stm32cubeide/plugins/com.st.stm32cube.ide.mcu.externaltools.gnu-tools-for-stm32.7-2018-q2-update.win32_1.0.0.201904181610/tools/bin/../lib/gcc/arm-none-eabi/7.3.1/../../../../arm-none-eabi/lib/thumb/v6-m\libc_nano.a(lib_a-impure.o)
 .ARM.attributes
                0x00000000000006a0       0x2c e:/st/stm32cubeide_1.1.0/stm32cubeide/plugins/com.st.stm32cube.ide.mcu.externaltools.gnu-tools-for-stm32.7-2018-q2-update.win32_1.0.0.201904181610/tools/bin/../lib/gcc/arm-none-eabi/7.3.1/../../../../arm-none-eabi/lib/thumb/v6-m\libc_nano.a(lib_a-init.o)
 .ARM.attributes
                0x00000000000006cc       0x2c e:/st/stm32cubeide_1.1.0/stm32cubeide/plugins/com.st.stm32cube.ide.mcu.externaltools.gnu-tools-for-stm32.7-2018-q2-update.win32_1.0.0.201904181610/tools/bin/../lib/gcc/arm-none-eabi/7.3.1/../../../../arm-none-eabi/lib/thumb/v6-m\libc_nano.a(lib_a-memcpy-stub.o)
 .ARM.attributes
                0x00000000000006f8       0x2c e:/st/stm32cubeide_1.1.0/stm32cubeide/plugins/com.st.stm32cube.ide.mcu.externaltools.gnu-tools-for-stm32.7-2018-q2-update.win32_1.0.0.201904181610/tools/bin/../lib/gcc/arm-none-eabi/7.3.1/../../../../arm-none-eabi/lib/thumb/v6-m\libc_nano.a(lib_a-memset.o)
 .ARM.attributes
                0x0000000000000724       0x2c e:/st/stm32cubeide_1.1.0/stm32cubeide/plugins/com.st.stm32cube.ide.mcu.externaltools.gnu-tools-for-stm32.7-2018-q2-update.win32_1.0.0.201904181610/tools/bin/../lib/gcc/arm-none-eabi/7.3.1/../../../../arm-none-eabi/lib/thumb/v6-m\libc_nano.a(lib_a-printf.o)
 .ARM.attributes
                0x0000000000000750       0x2c e:/st/stm32cubeide_1.1.0/stm32cubeide/plugins/com.st.stm32cube.ide.mcu.externaltools.gnu-tools-for-stm32.7-2018-q2-update.win32_1.0.0.201904181610/tools/bin/../lib/gcc/arm-none-eabi/7.3.1/../../../../arm-none-eabi/lib/thumb/v6-m\libc_nano.a(lib_a-puts.o)
 .ARM.attributes
                0x000000000000077c       0x2c e:/st/stm32cubeide_1.1.0/stm32cubeide/plugins/com.st.stm32cube.ide.mcu.externaltools.gnu-tools-for-stm32.7-2018-q2-update.win32_1.0.0.201904181610/tools/bin/../lib/gcc/arm-none-eabi/7.3.1/../../../../arm-none-eabi/lib/thumb/v6-m\libc_nano.a(lib_a-rand.o)
 .ARM.attributes
                0x00000000000007a8       0x2c e:/st/stm32cubeide_1.1.0/stm32cubeide/plugins/com.st.stm32cube.ide.mcu.externaltools.gnu-tools-for-stm32.7-2018-q2-update.win32_1.0.0.201904181610/tools/bin/../lib/gcc/arm-none-eabi/7.3.1/../../../../arm-none-eabi/lib/thumb/v6-m\libc_nano.a(lib_a-wbuf.o)
 .ARM.attributes
                0x00000000000007d4       0x2c e:/st/stm32cubeide_1.1.0/stm32cubeide/plugins/com.st.stm32cube.ide.mcu.externaltools.gnu-tools-for-stm32.7-2018-q2-update.win32_1.0.0.201904181610/tools/bin/../lib/gcc/arm-none-eabi/7.3.1/../../../../arm-none-eabi/lib/thumb/v6-m\libc_nano.a(lib_a-wsetup.o)
 .ARM.attributes
                0x0000000000000800       0x2c e:/st/stm32cubeide_1.1.0/stm32cubeide/plugins/com.st.stm32cube.ide.mcu.externaltools.gnu-tools-for-stm32.7-2018-q2-update.win32_1.0.0.201904181610/tools/bin/../lib/gcc/arm-none-eabi/7.3.1/../../../../arm-none-eabi/lib/thumb/v6-m\libc_nano.a(lib_a-fflush.o)
 .ARM.attributes
                0x000000000000082c       0x2c e:/st/stm32cubeide_1.1.0/stm32cubeide/plugins/com.st.stm32cube.ide.mcu.externaltools.gnu-tools-for-stm32.7-2018-q2-update.win32_1.0.0.201904181610/tools/bin/../lib/gcc/arm-none-eabi/7.3.1/../../../../arm-none-eabi/lib/thumb/v6-m\libc_nano.a(lib_a-findfp.o)
 .ARM.attributes