ldl_mac_commands.c:54:6:LDL_MAC_peekNextCommand	32	static
ldl_mac_commands.c:67:9:LDL_MAC_sizeofCommandUp	24	static
ldl_mac_commands.c:99:6:LDL_MAC_putLinkCheckReq	16	static
ldl_mac_commands.c:104:6:LDL_MAC_putLinkADRAns	32	static
ldl_mac_commands.c:114:6:LDL_MAC_putDutyCycleAns	16	static
ldl_mac_commands.c:119:6:LDL_MAC_putRXParamSetupAns	32	static
ldl_mac_commands.c:129:6:LDL_MAC_putDevStatusAns	16	static
ldl_mac_commands.c:136:6:LDL_MAC_putNewChannelAns	32	static
ldl_mac_commands.c:147:6:LDL_MAC_putDLChannelAns	32	static
ldl_mac_commands.c:157:6:LDL_MAC_putRXTimingSetupAns	16	static
ldl_mac_commands.c:162:6:LDL_MAC_putTXParamSetupAns	16	static
ldl_mac_commands.c:167:6:LDL_MAC_putRekeyInd	16	static
ldl_mac_commands.c:173:6:LDL_MAC_putADRParamSetupAns	16	static
ldl_mac_commands.c:178:6:LDL_MAC_putDeviceTimeReq	16	static
ldl_mac_commands.c:183:6:LDL_MAC_putRejoinParamSetupAns	16	static
ldl_mac_commands.c:189:6:LDL_MAC_getDownCommand	40	static
ldl_mac_commands.c:338:16:typeToTag	16	static
ldl_mac_commands.c:343:13:tagToType	24	static
