ldl_region.c:47:6:LDL_Region_convertRate	32	static
ldl_region.c:249:6:LDL_Region_getBand	32	static
ldl_region.c:296:6:LDL_Region_isDynamic	24	static
ldl_region.c:319:6:LDL_Region_getChannel	32	static
ldl_region.c:382:9:LDL_Region_numChannels	24	static
ldl_region.c:406:6:LDL_Region_getDefaultChannels	40	static
ldl_region.c:440:16:unpackCFListFreq	16	static
ldl_region.c:465:6:LDL_Region_processCFList	56	static
ldl_region.c:538:10:LDL_Region_getOffTimeFactor	24	static
ldl_region.c:575:6:LDL_Region_validateRate	32	static
ldl_region.c:592:6:LDL_Region_validateFreq	16	static
ldl_region.c:601:6:LDL_Region_getRX1DataRate	40	static
ldl_region.c:688:6:LDL_Region_getRX1Freq	24	static
ldl_region.c:710:9:LDL_Region_getRX1Delay	16	static
ldl_region.c:717:9:LDL_Region_getJA1Delay	16	static
ldl_region.c:724:9:LDL_Region_getRX1Offset	16	static
ldl_region.c:731:10:LDL_Region_getRX2Freq	24	static
ldl_region.c:762:9:LDL_Region_getRX2Rate	24	static
ldl_region.c:793:6:LDL_Region_validateTXPower	24	static
ldl_region.c:837:9:LDL_Region_getTXPower	24	static
ldl_region.c:893:9:LDL_Region_getJoinRate	24	static
ldl_region.c:943:10:LDL_Region_getMaxDCycleOffLimit	16	static
ldl_region.c:959:13:upRateRange	40	static
