ldl_radio.c:167:6:LDL_Radio_init	32	static
ldl_radio.c:177:6:LDL_Radio_setPA	16	static
ldl_radio.c:184:6:LDL_Radio_setHandler	24	static
ldl_radio.c:192:6:LDL_Radio_interrupt	24	static
ldl_radio.c:202:6:LDL_Radio_reset	16	static
ldl_radio.c:209:6:LDL_Radio_transmit	24	static
ldl_radio.c:237:6:LDL_Radio_receive	16	static
ldl_radio.c:263:9:LDL_Radio_collect	40	static
ldl_radio.c:280:22:LDL_Radio_signal	24	static
ldl_radio.c:322:6:LDL_Radio_entropyBegin	16	static
ldl_radio.c:351:14:LDL_Radio_entropyEnd	24	static
ldl_radio.c:367:6:LDL_Radio_sleep	16	static
ldl_radio.c:374:6:LDL_Radio_clearInterrupt	16	static
ldl_radio.c:406:9:LDL_Radio_minSNR	24	static
ldl_radio.c:440:13:enableLora	16	static
ldl_radio.c:446:13:setOp	16	static
ldl_radio.c:451:13:setOpSleep	16	static
ldl_radio.c:456:13:setOpStandby	16	static
ldl_radio.c:461:13:setOpRX	16	static
ldl_radio.c:466:13:setOpRXContinuous	16	static
ldl_radio.c:471:13:setOpTX	16	static
ldl_radio.c:476:13:setModemConfig	32	static
ldl_radio.c:522:13:setPower	32	static
ldl_radio.c:636:16:bwSetting	24	static
ldl_radio.c:680:16:sfSetting	24	static
ldl_radio.c:710:16:crSetting	24	static
ldl_radio.c:734:13:setFreq	40	static
ldl_radio.c:743:16:readFIFO	40	static
ldl_radio.c:759:13:writeFIFO	24	static
ldl_radio.c:767:16:readReg	32	static
ldl_radio.c:774:13:writeReg	16	static
ldl_radio.c:779:13:burstWrite	32	static
ldl_radio.c:784:13:burstRead	32	static
