ldl_mac.c:81:6:LDL_MAC_init	32	static
ldl_mac.c:143:20:LDL_MAC_errno	16	static
ldl_mac.c:150:24:LDL_MAC_op	16	static
ldl_mac.c:157:20:LDL_MAC_state	16	static
ldl_mac.c:164:6:LDL_MAC_unconfirmedData	40	static
ldl_mac.c:169:6:LDL_MAC_confirmedData	40	static
ldl_mac.c:174:6:LDL_MAC_otaa	56	static
ldl_mac.c:246:6:LDL_MAC_joined	16	static
ldl_mac.c:251:6:LDL_MAC_forget	16	static
ldl_mac.c:267:6:LDL_MAC_cancel	16	static
ldl_mac.c:286:10:LDL_MAC_transmitTimeUp	24	static
ldl_mac.c:291:10:LDL_MAC_transmitTimeDown	24	static
ldl_mac.c:296:6:LDL_MAC_process	480	static
ldl_mac.c:903:10:LDL_MAC_ticksUntilNextEvent	24	static
ldl_mac.c:917:6:LDL_MAC_setRate	24	static
ldl_mac.c:941:9:LDL_MAC_getRate	16	static
ldl_mac.c:948:6:LDL_MAC_setPower	24	static
ldl_mac.c:971:9:LDL_MAC_getPower	16	static
ldl_mac.c:978:6:LDL_MAC_enableADR	16	static
ldl_mac.c:989:6:LDL_MAC_adr	16	static
ldl_mac.c:996:6:LDL_MAC_disableADR	16	static
ldl_mac.c:1007:6:LDL_MAC_ready	24	static
ldl_mac.c:1021:10:LDL_MAC_bwToNumber	24	static
ldl_mac.c:1041:6:LDL_MAC_radioEvent	16	static
ldl_mac.c:1061:9:LDL_MAC_mtu	40	static
ldl_mac.c:1093:10:LDL_MAC_timeSinceValidDownlink	16	static
ldl_mac.c:1100:6:LDL_MAC_setMaxDCycle	16	static
ldl_mac.c:1111:9:LDL_MAC_getMaxDCycle	16	static
ldl_mac.c:1118:6:LDL_MAC_addChannel	48	static
ldl_mac.c:1127:6:LDL_MAC_maskChannel	16	static
ldl_mac.c:1134:6:LDL_MAC_unmaskChannel	16	static
ldl_mac.c:1141:6:LDL_MAC_timerSet	48	static,ignoring_inline_asm
ldl_mac.c:1151:6:LDL_MAC_timerIncrement	40	static,ignoring_inline_asm
ldl_mac.c:1161:6:LDL_MAC_timerCheck	48	static,ignoring_inline_asm
ldl_mac.c:1185:6:LDL_MAC_timerClear	16	static
ldl_mac.c:1190:10:LDL_MAC_timerTicksUntilNext	40	static,ignoring_inline_asm
ldl_mac.c:1228:10:LDL_MAC_timerTicksUntil	48	static,ignoring_inline_asm
ldl_mac.c:1256:6:LDL_MAC_inputSignal	32	static,ignoring_inline_asm
ldl_mac.c:1272:6:LDL_MAC_inputArm	32	static,ignoring_inline_asm
ldl_mac.c:1281:6:LDL_MAC_inputCheck	48	static,ignoring_inline_asm
ldl_mac.c:1298:6:LDL_MAC_inputClear	32	static,ignoring_inline_asm
ldl_mac.c:1308:6:LDL_MAC_inputPending	16	static
ldl_mac.c:1313:6:LDL_MAC_priority	24	static
ldl_mac.c:1343:13:externalDataCommand	136	static
ldl_mac.c:1616:13:adaptRate	16	static
ldl_mac.c:1664:17:transmitTime	56	static
ldl_mac.c:1720:17:symbolPeriod	24	static
ldl_mac.c:1725:16:extraSymbols	24	static
ldl_mac.c:1730:13:processCommands	136	static
ldl_mac.c:2157:13:registerTime	32	static
ldl_mac.c:2198:13:selectChannel	64	static
ldl_mac.c:2269:13:isAvailable	56	static
ldl_mac.c:2299:13:msUntilAvailable	56	static
ldl_mac.c:2328:13:restoreDefaults	16	static
ldl_mac.c:2361:13:getChannel	48	static
ldl_mac.c:2392:13:setChannel	40	static
ldl_mac.c:2410:13:maskChannel	32	static
ldl_mac.c:2426:13:unmaskChannel	32	static
ldl_mac.c:2442:13:unmaskAllChannels	16	static
ldl_mac.c:2447:13:channelIsMasked	32	static
ldl_mac.c:2462:13:allChannelsAreMasked	24	static
ldl_mac.c:2479:13:rateSettingIsValid	32	static
ldl_mac.c:2496:17:timeNow	32	static
ldl_mac.c:2518:17:getRetryDuty	24	static
ldl_mac.c:2540:17:timerDelta	16	static
ldl_mac.c:2545:13:processBands	32	static
ldl_mac.c:2577:17:nextBandEvent	24	static
ldl_mac.c:2596:13:downlinkMissingHandler	80	static
ldl_mac.c:2734:17:ticksToMS	24	static
ldl_mac.c:2739:17:ticksToMSCoarse	16	static
ldl_mac.c:2744:17:msUntilNextChannel	40	static
ldl_mac.c:2764:17:rand32	24	static
ldl_mac.c:2780:13:pushSessionUpdate	40	static
ldl_mac.c:2788:13:dummyResponseHandler	24	static
ldl_mac.c:2795:13:commandIsPending	16	static
ldl_mac.c:2800:13:clearPendingCommand	16	static
ldl_mac.c:2805:13:setPendingCommand	16	static
