main.c:171:5:main	56	static
main.c:289:6:SystemClock_Config	136	static
main.c:338:13:MX_I2C1_Init	8	static
main.c:384:13:MX_LPTIM1_Init	8	static
main.c:416:13:MX_SPI1_Init	8	static
main.c:454:13:MX_GPIO_Init	48	static
main.c:501:9:Sensor_IO_Write	40	static
main.c:516:9:Sensor_IO_Read	40	static
main.c:533:6:LPS25HB_HTS221_Set_Config	56	static
main.c:610:10:LPS25HB_Pressure_Read	48	static
main.c:646:6:HTS221_Get_Temperature_Humidity	88	static
main.c:716:6:Execute_cycle	48	static
main.c:847:10:LDL_System_ticks	16	static
main.c:853:10:LDL_System_tps	8	static
main.c:859:10:LDL_System_eps	8	static
main.c:870:10:SPI_InOut	40	static
main.c:880:6:LDL_Chip_write	40	static
main.c:906:6:LDL_Chip_read	40	static
main.c:935:6:LDL_Chip_reset	48	static
main.c:964:6:HAL_GPIO_EXTI_Callback	16	static
main.c:984:6:enable_interrupts	8	static
main.c:999:6:app_handler	24	static
main.c:1059:10:GetTimer	16	static
main.c:1068:6:HAL_LPTIM_AutoReloadMatchCallback	16	static
main.c:1084:6:Error_Handler	16	static
